Archive member included to satisfy reference by file (symbol)

c:/users/guoliang/devtools/arm_gnu_toolchain/bin/../lib/gcc/arm-none-eabi/11.2.1/thumb/v7-m/nofp\libg.a(lib_a-errno.o)
                              CMakeFiles/Encode_Count_EXIT.elf.dir/Core/Src/retarget.c.obj (__errno)
c:/users/guoliang/devtools/arm_gnu_toolchain/bin/../lib/gcc/arm-none-eabi/11.2.1/thumb/v7-m/nofp\libg.a(lib_a-exit.o)
                              c:/users/guoliang/devtools/arm_gnu_toolchain/bin/../lib/gcc/arm-none-eabi/11.2.1/thumb/v7-m/nofp/crt0.o (exit)
c:/users/guoliang/devtools/arm_gnu_toolchain/bin/../lib/gcc/arm-none-eabi/11.2.1/thumb/v7-m/nofp\libg.a(lib_a-impure.o)
                              c:/users/guoliang/devtools/arm_gnu_toolchain/bin/../lib/gcc/arm-none-eabi/11.2.1/thumb/v7-m/nofp\libg.a(lib_a-exit.o) (_global_impure_ptr)
c:/users/guoliang/devtools/arm_gnu_toolchain/bin/../lib/gcc/arm-none-eabi/11.2.1/thumb/v7-m/nofp\libg.a(lib_a-init.o)
                              c:/users/guoliang/devtools/arm_gnu_toolchain/bin/../lib/gcc/arm-none-eabi/11.2.1/thumb/v7-m/nofp/crt0.o (__libc_init_array)
c:/users/guoliang/devtools/arm_gnu_toolchain/bin/../lib/gcc/arm-none-eabi/11.2.1/thumb/v7-m/nofp\libg.a(lib_a-memset.o)
                              c:/users/guoliang/devtools/arm_gnu_toolchain/bin/../lib/gcc/arm-none-eabi/11.2.1/thumb/v7-m/nofp/crt0.o (memset)
c:/users/guoliang/devtools/arm_gnu_toolchain/bin/../lib/gcc/arm-none-eabi/11.2.1/thumb/v7-m/nofp\libg.a(lib_a-printf.o)
                              CMakeFiles/Encode_Count_EXIT.elf.dir/Core/Src/main.c.obj (printf)
c:/users/guoliang/devtools/arm_gnu_toolchain/bin/../lib/gcc/arm-none-eabi/11.2.1/thumb/v7-m/nofp\libg.a(lib_a-puts.o)
                              CMakeFiles/Encode_Count_EXIT.elf.dir/Core/Src/main.c.obj (puts)
c:/users/guoliang/devtools/arm_gnu_toolchain/bin/../lib/gcc/arm-none-eabi/11.2.1/thumb/v7-m/nofp\libg.a(lib_a-setvbuf.o)
                              CMakeFiles/Encode_Count_EXIT.elf.dir/Core/Src/retarget.c.obj (setvbuf)
c:/users/guoliang/devtools/arm_gnu_toolchain/bin/../lib/gcc/arm-none-eabi/11.2.1/thumb/v7-m/nofp\libg.a(lib_a-strlen-stub.o)
                              c:/users/guoliang/devtools/arm_gnu_toolchain/bin/../lib/gcc/arm-none-eabi/11.2.1/thumb/v7-m/nofp\libg.a(lib_a-puts.o) (strlen)
c:/users/guoliang/devtools/arm_gnu_toolchain/bin/../lib/gcc/arm-none-eabi/11.2.1/thumb/v7-m/nofp\libg.a(lib_a-vfprintf.o)
                              c:/users/guoliang/devtools/arm_gnu_toolchain/bin/../lib/gcc/arm-none-eabi/11.2.1/thumb/v7-m/nofp\libg.a(lib_a-printf.o) (_vfprintf_r)
c:/users/guoliang/devtools/arm_gnu_toolchain/bin/../lib/gcc/arm-none-eabi/11.2.1/thumb/v7-m/nofp\libg.a(lib_a-wcrtomb.o)
                              c:/users/guoliang/devtools/arm_gnu_toolchain/bin/../lib/gcc/arm-none-eabi/11.2.1/thumb/v7-m/nofp\libg.a(lib_a-vfprintf.o) (_wcrtomb_r)
c:/users/guoliang/devtools/arm_gnu_toolchain/bin/../lib/gcc/arm-none-eabi/11.2.1/thumb/v7-m/nofp\libg.a(lib_a-wcsrtombs.o)
                              c:/users/guoliang/devtools/arm_gnu_toolchain/bin/../lib/gcc/arm-none-eabi/11.2.1/thumb/v7-m/nofp\libg.a(lib_a-vfprintf.o) (_wcsrtombs_r)
c:/users/guoliang/devtools/arm_gnu_toolchain/bin/../lib/gcc/arm-none-eabi/11.2.1/thumb/v7-m/nofp\libg.a(lib_a-wsetup.o)
                              c:/users/guoliang/devtools/arm_gnu_toolchain/bin/../lib/gcc/arm-none-eabi/11.2.1/thumb/v7-m/nofp\libg.a(lib_a-vfprintf.o) (__swsetup_r)
c:/users/guoliang/devtools/arm_gnu_toolchain/bin/../lib/gcc/arm-none-eabi/11.2.1/thumb/v7-m/nofp\libg.a(lib_a-__call_atexit.o)
                              c:/users/guoliang/devtools/arm_gnu_toolchain/bin/../lib/gcc/arm-none-eabi/11.2.1/thumb/v7-m/nofp\libg.a(lib_a-exit.o) (__call_exitprocs)
c:/users/guoliang/devtools/arm_gnu_toolchain/bin/../lib/gcc/arm-none-eabi/11.2.1/thumb/v7-m/nofp\libg.a(lib_a-dtoa.o)
                              c:/users/guoliang/devtools/arm_gnu_toolchain/bin/../lib/gcc/arm-none-eabi/11.2.1/thumb/v7-m/nofp\libg.a(lib_a-vfprintf.o) (_dtoa_r)
c:/users/guoliang/devtools/arm_gnu_toolchain/bin/../lib/gcc/arm-none-eabi/11.2.1/thumb/v7-m/nofp\libg.a(lib_a-fflush.o)
                              c:/users/guoliang/devtools/arm_gnu_toolchain/bin/../lib/gcc/arm-none-eabi/11.2.1/thumb/v7-m/nofp\libg.a(lib_a-setvbuf.o) (_fflush_r)
c:/users/guoliang/devtools/arm_gnu_toolchain/bin/../lib/gcc/arm-none-eabi/11.2.1/thumb/v7-m/nofp\libg.a(lib_a-findfp.o)
                              c:/users/guoliang/devtools/arm_gnu_toolchain/bin/../lib/gcc/arm-none-eabi/11.2.1/thumb/v7-m/nofp\libg.a(lib_a-puts.o) (__sinit)
c:/users/guoliang/devtools/arm_gnu_toolchain/bin/../lib/gcc/arm-none-eabi/11.2.1/thumb/v7-m/nofp\libg.a(lib_a-freer.o)
                              c:/users/guoliang/devtools/arm_gnu_toolchain/bin/../lib/gcc/arm-none-eabi/11.2.1/thumb/v7-m/nofp\libg.a(lib_a-setvbuf.o) (_free_r)
c:/users/guoliang/devtools/arm_gnu_toolchain/bin/../lib/gcc/arm-none-eabi/11.2.1/thumb/v7-m/nofp\libg.a(lib_a-fvwrite.o)
[...]
Memory Configuration

Name             Origin             Length             Attributes
RAM              0x20000000         0x0000c000         xrw
FLASH            0x08000000         0x00040000         xr
*default*        0x00000000         0xffffffff

Linker script and memory map

LOAD c:/users/guoliang/devtools/arm_gnu_toolchain/bin/../lib/gcc/arm-none-eabi/11.2.1/thumb/v7-m/nofp/crti.o
LOAD c:/users/guoliang/devtools/arm_gnu_toolchain/bin/../lib/gcc/arm-none-eabi/11.2.1/thumb/v7-m/nofp/crtbegin.o
LOAD c:/users/guoliang/devtools/arm_gnu_toolchain/bin/../lib/gcc/arm-none-eabi/11.2.1/thumb/v7-m/nofp/crt0.o
LOAD CMakeFiles/Encode_Count_EXIT.elf.dir/Core/Src/gpio.c.obj
LOAD CMakeFiles/Encode_Count_EXIT.elf.dir/Core/Src/main.c.obj
LOAD CMakeFiles/Encode_Count_EXIT.elf.dir/Core/Src/retarget.c.obj
LOAD CMakeFiles/Encode_Count_EXIT.elf.dir/Core/Src/stm32f1xx_hal_msp.c.obj
LOAD CMakeFiles/Encode_Count_EXIT.elf.dir/Core/Src/stm32f1xx_it.c.obj
LOAD CMakeFiles/Encode_Count_EXIT.elf.dir/Core/Src/syscalls.c.obj
LOAD CMakeFiles/Encode_Count_EXIT.elf.dir/Core/Src/sysmem.c.obj
LOAD CMakeFiles/Encode_Count_EXIT.elf.dir/Core/Src/system_stm32f1xx.c.obj
LOAD CMakeFiles/Encode_Count_EXIT.elf.dir/Core/Src/usart.c.obj
LOAD CMakeFiles/Encode_Count_EXIT.elf.dir/Core/Startup/startup_stm32f103rctx.s.obj
LOAD CMakeFiles/Encode_Count_EXIT.elf.dir/Drivers/STM32F1xx_HAL_Driver/Src/stm32f1xx_hal.c.obj
LOAD CMakeFiles/Encode_Count_EXIT.elf.dir/Drivers/STM32F1xx_HAL_Driver/Src/stm32f1xx_hal_cortex.c.obj
LOAD CMakeFiles/Encode_Count_EXIT.elf.dir/Drivers/STM32F1xx_HAL_Driver/Src/stm32f1xx_hal_dma.c.obj
LOAD CMakeFiles/Encode_Count_EXIT.elf.dir/Drivers/STM32F1xx_HAL_Driver/Src/stm32f1xx_hal_exti.c.obj
LOAD CMakeFiles/Encode_Count_EXIT.elf.dir/Drivers/STM32F1xx_HAL_Driver/Src/stm32f1xx_hal_flash.c.obj
LOAD CMakeFiles/Encode_Count_EXIT.elf.dir/Drivers/STM32F1xx_HAL_Driver/Src/stm32f1xx_hal_flash_ex.c.obj
LOAD CMakeFiles/Encode_Count_EXIT.elf.dir/Drivers/STM32F1xx_HAL_Driver/Src/stm32f1xx_hal_gpio.c.obj
LOAD CMakeFiles/Encode_Count_EXIT.elf.dir/Drivers/STM32F1xx_HAL_Driver/Src/stm32f1xx_hal_gpio_ex.c.obj
LOAD CMakeFiles/Encode_Count_EXIT.elf.dir/Drivers/STM32F1xx_HAL_Driver/Src/stm32f1xx_hal_pwr.c.obj
LOAD CMakeFiles/Encode_Count_EXIT.elf.dir/Drivers/STM32F1xx_HAL_Driver/Src/stm32f1xx_hal_rcc.c.obj
LOAD CMakeFiles/Encode_Count_EXIT.elf.dir/Drivers/STM32F1xx_HAL_Driver/Src/stm32f1xx_hal_rcc_ex.c.obj
LOAD CMakeFiles/Encode_Count_EXIT.elf.dir/Drivers/STM32F1xx_HAL_Driver/Src/stm32f1xx_hal_tim.c.obj
LOAD CMakeFiles/Encode_Count_EXIT.elf.dir/Drivers/STM32F1xx_HAL_Driver/Src/stm32f1xx_hal_tim_ex.c.obj
LOAD CMakeFiles/Encode_Count_EXIT.elf.dir/Drivers/STM32F1xx_HAL_Driver/Src/stm32f1xx_hal_uart.c.obj
START GROUP
LOAD c:/users/guoliang/devtools/arm_gnu_toolchain/bin/../lib/gcc/arm-none-eabi/11.2.1/thumb/v7-m/nofp\libgcc.a
LOAD c:/users/guoliang/devtools/arm_gnu_toolchain/bin/../lib/gcc/arm-none-eabi/11.2.1/thumb/v7-m/nofp\libg.a
LOAD c:/users/guoliang/devtools/arm_gnu_toolchain/bin/../lib/gcc/arm-none-eabi/11.2.1/thumb/v7-m/nofp\libc.a
END GROUP
LOAD c:/users/guoliang/devtools/arm_gnu_toolchain/bin/../lib/gcc/arm-none-eabi/11.2.1/thumb/v7-m/nofp/crtend.o
LOAD c:/users/guoliang/devtools/arm_gnu_toolchain/bin/../lib/gcc/arm-none-eabi/11.2.1/thumb/v7-m/nofp/crtn.o
                0x2000c000                _estack = (ORIGIN (RAM) + LENGTH (RAM))
                0x00000200                _Min_Heap_Size = 0x200
                0x00000400                _Min_Stack_Size = 0x400

.isr_vector     0x08000000      0x1e4
                0x08000000                . = ALIGN (0x4)
 *(.isr_vector)
 .isr_vector    0x08000000      0x1e4 CMakeFiles/Encode_Count_EXIT.elf.dir/Core/Startup/startup_stm32f103rctx.s.obj
                0x08000000                g_pfnVectors
                0x080001e4                . = ALIGN (0x4)

.text           0x080001e8     0x7fd0
                0x080001e8                . = ALIGN (0x4)
 *(.text)
 .text          0x080001e8       0xec c:/users/guoliang/devtools/arm_gnu_toolchain/bin/../lib/gcc/arm-none-eabi/11.2.1/thumb/v7-m/nofp\libg.a(lib_a-memcpy.o)
                0x080001e8                memcpy
 .text          0x080002d4      0x378 c:/users/guoliang/devtools/arm_gnu_toolchain/bin/../lib/gcc/arm-none-eabi/11.2.1/thumb/v7-m/nofp\libgcc.a(_arm_addsubdf3.o)
                0x080002d4                __aeabi_drsub
                0x080002dc                __aeabi_dsub
                0x080002dc                __subdf3
                0x080002e0                __aeabi_dadd
                0x080002e0                __adddf3
                0x08000558                __floatunsidf
                0x08000558                __aeabi_ui2d
                0x08000578                __floatsidf
                0x08000578                __aeabi_i2d
                0x0800059c                __aeabi_f2d
                0x0800059c                __extendsfdf2
                0x080005e0                __floatundidf
                0x080005e0                __aeabi_ul2d
                0x080005f0                __floatdidf
                0x080005f0                __aeabi_l2d
 .text          0x0800064c      0x424 c:/users/guoliang/devtools/arm_gnu_toolchain/bin/../lib/gcc/arm-none-eabi/11.2.1/thumb/v7-m/nofp\libgcc.a(_arm_muldivdf3.o)
                0x0800064c                __aeabi_dmul
                0x0800064c                __muldf3
                0x080008a0                __divdf3
                0x080008a0                __aeabi_ddiv
 .text          0x08000a70      0x110 c:/users/guoliang/devtools/arm_gnu_toolchain/bin/../lib/gcc/arm-none-eabi/11.2.1/thumb/v7-m/nofp\libgcc.a(_arm_cmpdf2.o)
                0x08000a70                __gtdf2
                0x08000a70                __gedf2
                0x08000a78                __ltdf2
                0x08000a78                __ledf2
                0x08000a80                __nedf2
                0x08000a80                __eqdf2
                0x08000a80                __cmpdf2
                0x08000afc                __aeabi_cdrcmple
                0x08000b0c                __aeabi_cdcmpeq
                0x08000b0c                __aeabi_cdcmple
                0x08000b1c                __aeabi_dcmpeq
                0x08000b30                __aeabi_dcmplt
                0x08000b44                __aeabi_dcmple
                0x08000b58                __aeabi_dcmpge
                0x08000b6c                __aeabi_dcmpgt
 .text          0x08000b80       0x2c c:/users/guoliang/devtools/arm_gnu_toolchain/bin/../lib/gcc/arm-none-eabi/11.2.1/thumb/v7-m/nofp\libgcc.a(_arm_unorddf2.o)
                0x08000b80                __unorddf2
                0x08000b80                __aeabi_dcmpun
 .text          0x08000bac       0x50 c:/users/guoliang/devtools/arm_gnu_toolchain/bin/../lib/gcc/arm-none-eabi/11.2.1/thumb/v7-m/nofp\libgcc.a(_arm_fixdfsi.o)
                0x08000bac                __aeabi_d2iz
                0x08000bac                __fixdfsi
 *(.text*)
 .text.deregister_tm_clones
                0x08000bfc       0x1c c:/users/guoliang/devtools/arm_gnu_toolchain/bin/../lib/gcc/arm-none-eabi/11.2.1/thumb/v7-m/nofp/crtbegin.o
 .text.register_tm_clones
                0x08000c18       0x24 c:/users/guoliang/devtools/arm_gnu_toolchain/bin/../lib/gcc/arm-none-eabi/11.2.1/thumb/v7-m/nofp/crtbegin.o
 .text.__do_global_dtors_aux
                0x08000c3c       0x28 c:/users/guoliang/devtools/arm_gnu_toolchain/bin/../lib/gcc/arm-none-eabi/11.2.1/thumb/v7-m/nofp/crtbegin.o
 .text.frame_dummy
                0x08000c64       0x24 c:/users/guoliang/devtools/arm_gnu_toolchain/bin/../lib/gcc/arm-none-eabi/11.2.1/thumb/v7-m/nofp/crtbegin.o
 .text.MX_GPIO_Init
                0x08000c88       0x88 CMakeFiles/Encode_Count_EXIT.elf.dir/Core/Src/gpio.c.obj
                0x08000c88                MX_GPIO_Init
 .text.Error_Handler
                0x08000d10        0x4 CMakeFiles/Encode_Count_EXIT.elf.dir/Core/Src/main.c.obj
                0x08000d10                Error_Handler
 .text.SystemClock_Config
                0x08000d14       0x64 CMakeFiles/Encode_Count_EXIT.elf.dir/Core/Src/main.c.obj
                0x08000d14                SystemClock_Config
 .text.main     0x08000d78       0x40 CMakeFiles/Encode_Count_EXIT.elf.dir/Core/Src/main.c.obj
                0x08000d78                main
 .text.RetargetInit
                0x08000db8       0x20 CMakeFiles/Encode_Count_EXIT.elf.dir/Core/Src/retarget.c.obj
                0x08000db8                RetargetInit
 .text._isatty  0x08000dd8       0x16 CMakeFiles/Encode_Count_EXIT.elf.dir/Core/Src/retarget.c.obj
                0x08000dd8                _isatty
 *fill*         0x08000dee        0x2 
 .text._write   0x08000df0       0x34 CMakeFiles/Encode_Count_EXIT.elf.dir/Core/Src/retarget.c.obj
                0x08000df0                _write
 .text._close   0x08000e24       0x18 CMakeFiles/Encode_Count_EXIT.elf.dir/Core/Src/retarget.c.obj
                0x08000e24                _close
 .text._lseek   0x08000e3c       0x10 CMakeFiles/Encode_Count_EXIT.elf.dir/Core/Src/retarget.c.obj
                0x08000e3c                _lseek
 .text._read    0x08000e4c       0x30 CMakeFiles/Encode_Count_EXIT.elf.dir/Core/Src/retarget.c.obj
                0x08000e4c                _read
 .text._fstat   0x08000e7c       0x1a CMakeFiles/Encode_Count_EXIT.elf.dir/Core/Src/retarget.c.obj
                0x08000e7c                _fstat
 *fill*         0x08000e96        0x2 
 .text.HAL_MspInit
                0x08000e98       0x44 CMakeFiles/Encode_Count_EXIT.elf.dir/Core/Src/stm32f1xx_hal_msp.c.obj
                0x08000e98                HAL_MspInit
 .text.NMI_Handler
                0x08000edc        0x2 CMakeFiles/Encode_Count_EXIT.elf.dir/Core/Src/stm32f1xx_it.c.obj
                0x08000edc                NMI_Handler
 .text.HardFault_Handler
                0x08000ede        0x2 CMakeFiles/Encode_Count_EXIT.elf.dir/Core/Src/stm32f1xx_it.c.obj
                0x08000ede                HardFault_Handler
 .text.MemManage_Handler
                0x08000ee0        0x2 CMakeFiles/Encode_Count_EXIT.elf.dir/Core/Src/stm32f1xx_it.c.obj
                0x08000ee0                MemManage_Handler
 .text.BusFault_Handler
                0x08000ee2        0x2 CMakeFiles/Encode_Count_EXIT.elf.dir/Core/Src/stm32f1xx_it.c.obj
                0x08000ee2                BusFault_Handler
 .text.UsageFault_Handler
                0x08000ee4        0x2 CMakeFiles/Encode_Count_EXIT.elf.dir/Core/Src/stm32f1xx_it.c.obj
                0x08000ee4                UsageFault_Handler
 .text.SVC_Handler
                0x08000ee6        0x2 CMakeFiles/Encode_Count_EXIT.elf.dir/Core/Src/stm32f1xx_it.c.obj
                0x08000ee6                SVC_Handler
 .text.DebugMon_Handler
                0x08000ee8        0x2 CMakeFiles/Encode_Count_EXIT.elf.dir/Core/Src/stm32f1xx_it.c.obj
                0x08000ee8                DebugMon_Handler
 .text.PendSV_Handler
                0x08000eea        0x2 CMakeFiles/Encode_Count_EXIT.elf.dir/Core/Src/stm32f1xx_it.c.obj
                0x08000eea                PendSV_Handler
 .text.SysTick_Handler
                0x08000eec        0x8 CMakeFiles/Encode_Count_EXIT.elf.dir/Core/Src/stm32f1xx_it.c.obj
                0x08000eec                SysTick_Handler
 .text.EXTI0_IRQHandler
                0x08000ef4        0xa CMakeFiles/Encode_Count_EXIT.elf.dir/Core/Src/stm32f1xx_it.c.obj
                0x08000ef4                EXTI0_IRQHandler
 .text.EXTI1_IRQHandler
                0x08000efe        0xa CMakeFiles/Encode_Count_EXIT.elf.dir/Core/Src/stm32f1xx_it.c.obj
                0x08000efe                EXTI1_IRQHandler
 .text.HAL_GPIO_EXTI_Callback
                0x08000f08       0x4c CMakeFiles/Encode_Count_EXIT.elf.dir/Core/Src/stm32f1xx_it.c.obj
                0x08000f08                HAL_GPIO_EXTI_Callback
 .text.Get_Encode_CNT
                0x08000f54        0xc CMakeFiles/Encode_Count_EXIT.elf.dir/Core/Src/stm32f1xx_it.c.obj
                0x08000f54                Get_Encode_CNT
 .text._getpid  0x08000f60        0x4 CMakeFiles/Encode_Count_EXIT.elf.dir/Core/Src/syscalls.c.obj
                0x08000f60                _getpid
 .text._kill    0x08000f64       0x10 CMakeFiles/Encode_Count_EXIT.elf.dir/Core/Src/syscalls.c.obj
                0x08000f64                _kill
 .text._exit    0x08000f74        0xc CMakeFiles/Encode_Count_EXIT.elf.dir/Core/Src/syscalls.c.obj
                0x08000f74                _exit
 .text._sbrk    0x08000f80       0x48 CMakeFiles/Encode_Count_EXIT.elf.dir/Core/Src/sysmem.c.obj
                0x08000f80                _sbrk
 .text.SystemInit
                0x08000fc8        0x2 CMakeFiles/Encode_Count_EXIT.elf.dir/Core/Src/system_stm32f1xx.c.obj
                0x08000fc8                SystemInit
 *fill*         0x08000fca        0x2 
 .text.MX_USART1_UART_Init
                0x08000fcc       0x34 CMakeFiles/Encode_Count_EXIT.elf.dir/Core/Src/usart.c.obj
                0x08000fcc                MX_USART1_UART_Init
 .text.HAL_UART_MspInit
                0x08001000       0x78 CMakeFiles/Encode_Count_EXIT.elf.dir/Core/Src/usart.c.obj
                0x08001000                HAL_UART_MspInit
 .text.Reset_Handler
                0x08001078       0x48 CMakeFiles/Encode_Count_EXIT.elf.dir/Core/Startup/startup_stm32f103rctx.s.obj
                0x08001078                Reset_Handler
 .text.Default_Handler
                0x080010c0        0x2 CMakeFiles/Encode_Count_EXIT.elf.dir/Core/Startup/startup_stm32f103rctx.s.obj
                0x080010c0                RTC_Alarm_IRQHandler
                0x080010c0                EXTI2_IRQHandler
                0x080010c0                TIM8_TRG_COM_IRQHandler
                0x080010c0                TIM8_CC_IRQHandler
                0x080010c0                TIM1_CC_IRQHandler
                0x080010c0                TIM6_IRQHandler
                0x080010c0                PVD_IRQHandler
                0x080010c0                SDIO_IRQHandler
                0x080010c0                EXTI3_IRQHandler
                0x080010c0                I2C2_EV_IRQHandler
                0x080010c0                ADC1_2_IRQHandler
                0x080010c0                SPI1_IRQHandler
                0x080010c0                TAMPER_IRQHandler
                0x080010c0                TIM8_UP_IRQHandler
                0x080010c0                DMA2_Channel2_IRQHandler
                0x080010c0                DMA1_Channel4_IRQHandler
                0x080010c0                USART3_IRQHandler
                0x080010c0                RTC_IRQHandler
                0x080010c0                DMA1_Channel7_IRQHandler
                0x080010c0                CAN1_RX1_IRQHandler
                0x080010c0                UART5_IRQHandler
                0x080010c0                ADC3_IRQHandler
                0x080010c0                TIM4_IRQHandler
                0x080010c0                DMA2_Channel1_IRQHandler
                0x080010c0                I2C1_EV_IRQHandler
                0x080010c0                DMA1_Channel6_IRQHandler
                0x080010c0                UART4_IRQHandler
                0x080010c0                TIM3_IRQHandler
                0x080010c0                RCC_IRQHandler
                0x080010c0                TIM1_TRG_COM_IRQHandler
                0x080010c0                DMA1_Channel1_IRQHandler
                0x080010c0                Default_Handler
                0x080010c0                EXTI15_10_IRQHandler
                0x080010c0                TIM7_IRQHandler
                0x080010c0                TIM5_IRQHandler
                0x080010c0                EXTI9_5_IRQHandler
                0x080010c0                SPI2_IRQHandler
                0x080010c0                DMA1_Channel5_IRQHandler
                0x080010c0                EXTI4_IRQHandler
                0x080010c0                USB_LP_CAN1_RX0_IRQHandler
                0x080010c0                USB_HP_CAN1_TX_IRQHandler
                0x080010c0                DMA1_Channel3_IRQHandler
                0x080010c0                FSMC_IRQHandler
                0x080010c0                TIM1_UP_IRQHandler
                0x080010c0                WWDG_IRQHandler
                0x080010c0                TIM2_IRQHandler
                0x080010c0                TIM1_BRK_IRQHandler
                0x080010c0                DMA2_Channel4_5_IRQHandler
                0x080010c0                USART2_IRQHandler
                0x080010c0                I2C2_ER_IRQHandler
                0x080010c0                DMA1_Channel2_IRQHandler
                0x080010c0                TIM8_BRK_IRQHandler
                0x080010c0                CAN1_SCE_IRQHandler
                0x080010c0                FLASH_IRQHandler
                0x080010c0                USART1_IRQHandler
                0x080010c0                SPI3_IRQHandler
                0x080010c0                I2C1_ER_IRQHandler
                0x080010c0                USBWakeUp_IRQHandler
                0x080010c0                DMA2_Channel3_IRQHandler
 *fill*         0x080010c2        0x2 
 .text.HAL_InitTick
                0x080010c4       0x4c CMakeFiles/Encode_Count_EXIT.elf.dir/Drivers/STM32F1xx_HAL_Driver/Src/stm32f1xx_hal.c.obj
                0x080010c4                HAL_InitTick
 .text.HAL_Init
                0x08001110       0x24 CMakeFiles/Encode_Count_EXIT.elf.dir/Drivers/STM32F1xx_HAL_Driver/Src/stm32f1xx_hal.c.obj
                0x08001110                HAL_Init
 .text.HAL_IncTick
                0x08001134       0x18 CMakeFiles/Encode_Count_EXIT.elf.dir/Drivers/STM32F1xx_HAL_Driver/Src/stm32f1xx_hal.c.obj
                0x08001134                HAL_IncTick
 .text.HAL_GetTick
                0x0800114c        0xc CMakeFiles/Encode_Count_EXIT.elf.dir/Drivers/STM32F1xx_HAL_Driver/Src/stm32f1xx_hal.c.obj
                0x0800114c                HAL_GetTick
 .text.HAL_Delay
                0x08001158       0x28 CMakeFiles/Encode_Count_EXIT.elf.dir/Drivers/STM32F1xx_HAL_Driver/Src/stm32f1xx_hal.c.obj
                0x08001158                HAL_Delay
 .text.HAL_NVIC_SetPriorityGrouping
                0x08001180       0x24 CMakeFiles/Encode_Count_EXIT.elf.dir/Drivers/STM32F1xx_HAL_Driver/Src/stm32f1xx_hal_cortex.c.obj
                0x08001180                HAL_NVIC_SetPriorityGrouping
 .text.HAL_NVIC_SetPriority
                0x080011a4       0x70 CMakeFiles/Encode_Count_EXIT.elf.dir/Drivers/STM32F1xx_HAL_Driver/Src/stm32f1xx_hal_cortex.c.obj
                0x080011a4                HAL_NVIC_SetPriority
 .text.HAL_NVIC_EnableIRQ
                0x08001214       0x1c CMakeFiles/Encode_Count_EXIT.elf.dir/Drivers/STM32F1xx_HAL_Driver/Src/stm32f1xx_hal_cortex.c.obj
                0x08001214                HAL_NVIC_EnableIRQ
 .text.HAL_SYSTICK_Config
                0x08001230       0x28 CMakeFiles/Encode_Count_EXIT.elf.dir/Drivers/STM32F1xx_HAL_Driver/Src/stm32f1xx_hal_cortex.c.obj
                0x08001230                HAL_SYSTICK_Config
 .text.HAL_GPIO_Init
                0x08001258      0x240 CMakeFiles/Encode_Count_EXIT.elf.dir/Drivers/STM32F1xx_HAL_Driver/Src/stm32f1xx_hal_gpio.c.obj
                0x08001258                HAL_GPIO_Init
 .text.HAL_GPIO_ReadPin
                0x08001498        0xe CMakeFiles/Encode_Count_EXIT.elf.dir/Drivers/STM32F1xx_HAL_Driver/Src/stm32f1xx_hal_gpio.c.obj
                0x08001498                HAL_GPIO_ReadPin
 *fill*         0x080014a6        0x2 
 .text.HAL_GPIO_EXTI_IRQHandler
                0x080014a8       0x1c CMakeFiles/Encode_Count_EXIT.elf.dir/Drivers/STM32F1xx_HAL_Driver/Src/stm32f1xx_hal_gpio.c.obj
                0x080014a8                HAL_GPIO_EXTI_IRQHandler
 .text.RCC_Delay
                0x080014c4       0x2c CMakeFiles/Encode_Count_EXIT.elf.dir/Drivers/STM32F1xx_HAL_Driver/Src/stm32f1xx_hal_rcc.c.obj
 .text.HAL_RCC_OscConfig
                0x080014f0      0x410 CMakeFiles/Encode_Count_EXIT.elf.dir/Drivers/STM32F1xx_HAL_Driver/Src/stm32f1xx_hal_rcc.c.obj
                0x080014f0                HAL_RCC_OscConfig
 .text.HAL_RCC_GetSysClockFreq
                0x08001900       0x54 CMakeFiles/Encode_Count_EXIT.elf.dir/Drivers/STM32F1xx_HAL_Driver/Src/stm32f1xx_hal_rcc.c.obj
                0x08001900                HAL_RCC_GetSysClockFreq
 .text.HAL_RCC_ClockConfig
                0x08001954      0x16c CMakeFiles/Encode_Count_EXIT.elf.dir/Drivers/STM32F1xx_HAL_Driver/Src/stm32f1xx_hal_rcc.c.obj
                0x08001954                HAL_RCC_ClockConfig
 .text.HAL_RCC_GetHCLKFreq
                0x08001ac0        0xc CMakeFiles/Encode_Count_EXIT.elf.dir/Drivers/STM32F1xx_HAL_Driver/Src/stm32f1xx_hal_rcc.c.obj
                0x08001ac0                HAL_RCC_GetHCLKFreq
 .text.HAL_RCC_GetPCLK1Freq
                0x08001acc       0x20 CMakeFiles/Encode_Count_EXIT.elf.dir/Drivers/STM32F1xx_HAL_Driver/Src/stm32f1xx_hal_rcc.c.obj
                0x08001acc                HAL_RCC_GetPCLK1Freq
 .text.HAL_RCC_GetPCLK2Freq
                0x08001aec       0x20 CMakeFiles/Encode_Count_EXIT.elf.dir/Drivers/STM32F1xx_HAL_Driver/Src/stm32f1xx_hal_rcc.c.obj
                0x08001aec                HAL_RCC_GetPCLK2Freq
 .text.UART_SetConfig
                0x08001b0c       0x94 CMakeFiles/Encode_Count_EXIT.elf.dir/Drivers/STM32F1xx_HAL_Driver/Src/stm32f1xx_hal_uart.c.obj
 .text.UART_WaitOnFlagUntilTimeout
                0x08001ba0       0x84 CMakeFiles/Encode_Count_EXIT.elf.dir/Drivers/STM32F1xx_HAL_Driver/Src/stm32f1xx_hal_uart.c.obj
 .text.HAL_UART_Init
                0x08001c24       0x60 CMakeFiles/Encode_Count_EXIT.elf.dir/Drivers/STM32F1xx_HAL_Driver/Src/stm32f1xx_hal_uart.c.obj
                0x08001c24                HAL_UART_Init
 .text.HAL_UART_Transmit
                0x08001c84       0xbe CMakeFiles/Encode_Count_EXIT.elf.dir/Drivers/STM32F1xx_HAL_Driver/Src/stm32f1xx_hal_uart.c.obj
                0x08001c84                HAL_UART_Transmit
 .text.HAL_UART_Receive
                0x08001d42       0xca CMakeFiles/Encode_Count_EXIT.elf.dir/Drivers/STM32F1xx_HAL_Driver/Src/stm32f1xx_hal_uart.c.obj
                0x08001d42                HAL_UART_Receive
 .text.__errno  0x08001e0c        0xc c:/users/guoliang/devtools/arm_gnu_toolchain/bin/../lib/gcc/arm-none-eabi/11.2.1/thumb/v7-m/nofp\libg.a(lib_a-errno.o)
                0x08001e0c                __errno
 .text.__libc_init_array
                0x08001e18       0x48 c:/users/guoliang/devtools/arm_gnu_toolchain/bin/../lib/gcc/arm-none-eabi/11.2.1/thumb/v7-m/nofp\libg.a(lib_a-init.o)
                0x08001e18                __libc_init_array
 .text.memset   0x08001e60       0xa4 c:/users/guoliang/devtools/arm_gnu_toolchain/bin/../lib/gcc/arm-none-eabi/11.2.1/thumb/v7-m/nofp\libg.a(lib_a-memset.o)
                0x08001e60                memset
 .text.printf   0x08001f04       0x28 c:/users/guoliang/devtools/arm_gnu_toolchain/bin/../lib/gcc/arm-none-eabi/11.2.1/thumb/v7-m/nofp\libg.a(lib_a-printf.o)
                0x08001f04                printf
 .text._puts_r  0x08001f2c       0x68 c:/users/guoliang/devtools/arm_gnu_toolchain/bin/../lib/gcc/arm-none-eabi/11.2.1/thumb/v7-m/nofp\libg.a(lib_a-puts.o)
                0x08001f2c                _puts_r
 .text.puts     0x08001f94       0x10 c:/users/guoliang/devtools/arm_gnu_toolchain/bin/../lib/gcc/arm-none-eabi/11.2.1/thumb/v7-m/nofp\libg.a(lib_a-puts.o)
                0x08001f94                puts
 .text.setvbuf  0x08001fa4      0x170 c:/users/guoliang/devtools/arm_gnu_toolchain/bin/../lib/gcc/arm-none-eabi/11.2.1/thumb/v7-m/nofp\libg.a(lib_a-setvbuf.o)
                0x08001fa4                setvbuf
 .text.strlen   0x08002114       0x5c c:/users/guoliang/devtools/arm_gnu_toolchain/bin/../lib/gcc/arm-none-eabi/11.2.1/thumb/v7-m/nofp\libg.a(lib_a-strlen-stub.o)
                0x08002114                strlen
 .text._vfprintf_r
                0x08002170     0x1bfc c:/users/guoliang/devtools/arm_gnu_toolchain/bin/../lib/gcc/arm-none-eabi/11.2.1/thumb/v7-m/nofp\libg.a(lib_a-vfprintf.o)
                0x08002170                _vfprintf_r
 .text.__sbprintf
                0x08003d6c       0x6c c:/users/guoliang/devtools/arm_gnu_toolchain/bin/../lib/gcc/arm-none-eabi/11.2.1/thumb/v7-m/nofp\libg.a(lib_a-vfprintf.o)
 .text._wcrtomb_r
                0x08003dd8       0x4c c:/users/guoliang/devtools/arm_gnu_toolchain/bin/../lib/gcc/arm-none-eabi/11.2.1/thumb/v7-m/nofp\libg.a(lib_a-wcrtomb.o)
                0x08003dd8                _wcrtomb_r
 .text._wcsrtombs_r
                0x08003e24       0x18 c:/users/guoliang/devtools/arm_gnu_toolchain/bin/../lib/gcc/arm-none-eabi/11.2.1/thumb/v7-m/nofp\libg.a(lib_a-wcsrtombs.o)
                0x08003e24                _wcsrtombs_r
 .text.__swsetup_r
                0x08003e3c       0xd4 c:/users/guoliang/devtools/arm_gnu_toolchain/bin/../lib/gcc/arm-none-eabi/11.2.1/thumb/v7-m/nofp\libg.a(lib_a-wsetup.o)
                0x08003e3c                __swsetup_r
 .text.quorem   0x08003f10      0x128 c:/users/guoliang/devtools/arm_gnu_toolchain/bin/../lib/gcc/arm-none-eabi/11.2.1/thumb/v7-m/nofp\libg.a(lib_a-dtoa.o)
 .text._dtoa_r  0x08004038      0xebc c:/users/guoliang/devtools/arm_gnu_toolchain/bin/../lib/gcc/arm-none-eabi/11.2.1/thumb/v7-m/nofp\libg.a(lib_a-dtoa.o)
                0x08004038                _dtoa_r
 .text.__sflush_r
                0x08004ef4      0x124 c:/users/guoliang/devtools/arm_gnu_toolchain/bin/../lib/gcc/arm-none-eabi/11.2.1/thumb/v7-m/nofp\libg.a(lib_a-fflush.o)
                0x08004ef4                __sflush_r
 .text._fflush_r
                0x08005018       0x2c c:/users/guoliang/devtools/arm_gnu_toolchain/bin/../lib/gcc/arm-none-eabi/11.2.1/thumb/v7-m/nofp\libg.a(lib_a-fflush.o)
                0x08005018                _fflush_r
 .text._cleanup_r
                0x08005044        0xc c:/users/guoliang/devtools/arm_gnu_toolchain/bin/../lib/gcc/arm-none-eabi/11.2.1/thumb/v7-m/nofp\libg.a(lib_a-findfp.o)
                0x08005044                _cleanup_r
 .text.__sinit.part.0
                0x08005050       0xd4 c:/users/guoliang/devtools/arm_gnu_toolchain/bin/../lib/gcc/arm-none-eabi/11.2.1/thumb/v7-m/nofp\libg.a(lib_a-findfp.o)
 .text.__sinit  0x08005124        0xc c:/users/guoliang/devtools/arm_gnu_toolchain/bin/../lib/gcc/arm-none-eabi/11.2.1/thumb/v7-m/nofp\libg.a(lib_a-findfp.o)
                0x08005124                __sinit
 .text.__sfp_lock_acquire
                0x08005130        0x4 c:/users/guoliang/devtools/arm_gnu_toolchain/bin/../lib/gcc/arm-none-eabi/11.2.1/thumb/v7-m/nofp\libg.a(lib_a-findfp.o)
                0x08005130                __sfp_lock_acquire
 .text.__sfp_lock_release
                0x08005134        0x4 c:/users/guoliang/devtools/arm_gnu_toolchain/bin/../lib/gcc/arm-none-eabi/11.2.1/thumb/v7-m/nofp\libg.a(lib_a-findfp.o)
                0x08005134                __sfp_lock_release
 .text._malloc_trim_r
                0x08005138       0xa0 c:/users/guoliang/devtools/arm_gnu_toolchain/bin/../lib/gcc/arm-none-eabi/11.2.1/thumb/v7-m/nofp\libg.a(lib_a-freer.o)
                0x08005138                _malloc_trim_r
 .text._free_r  0x080051d8      0x200 c:/users/guoliang/devtools/arm_gnu_toolchain/bin/../lib/gcc/arm-none-eabi/11.2.1/thumb/v7-m/nofp\libg.a(lib_a-freer.o)
                0x080051d8                _free_r
 .text.__sfvwrite_r
                0x080053d8      0x2e8 c:/users/guoliang/devtools/arm_gnu_toolchain/bin/../lib/gcc/arm-none-eabi/11.2.1/thumb/v7-m/nofp\libg.a(lib_a-fvwrite.o)
                0x080053d8                __sfvwrite_r
 .text._fwalk_reent
                0x080056c0       0x48 c:/users/guoliang/devtools/arm_gnu_toolchain/bin/../lib/gcc/arm-none-eabi/11.2.1/thumb/v7-m/nofp\libg.a(lib_a-fwalk.o)
                0x080056c0                _fwalk_reent
 .text._localeconv_r
                0x08005708        0x8 c:/users/guoliang/devtools/arm_gnu_toolchain/bin/../lib/gcc/arm-none-eabi/11.2.1/thumb/v7-m/nofp\libg.a(lib_a-localeconv.o)
                0x08005708                _localeconv_r
 .text.__locale_mb_cur_max
                0x08005710        0xc c:/users/guoliang/devtools/arm_gnu_toolchain/bin/../lib/gcc/arm-none-eabi/11.2.1/thumb/v7-m/nofp\libg.a(lib_a-locale.o)
                0x08005710                __locale_mb_cur_max
 .text.__smakebuf_r
                0x0800571c       0xe0 c:/users/guoliang/devtools/arm_gnu_toolchain/bin/../lib/gcc/arm-none-eabi/11.2.1/thumb/v7-m/nofp\libg.a(lib_a-makebuf.o)
                0x0800571c                __smakebuf_r
 .text.__swhatbuf_r
                0x080057fc       0x60 c:/users/guoliang/devtools/arm_gnu_toolchain/bin/../lib/gcc/arm-none-eabi/11.2.1/thumb/v7-m/nofp\libg.a(lib_a-makebuf.o)
                0x080057fc                __swhatbuf_r
 .text.malloc   0x0800585c       0x10 c:/users/guoliang/devtools/arm_gnu_toolchain/bin/../lib/gcc/arm-none-eabi/11.2.1/thumb/v7-m/nofp\libg.a(lib_a-malloc.o)
                0x0800585c                malloc
 .text._malloc_r
                0x0800586c      0x558 c:/users/guoliang/devtools/arm_gnu_toolchain/bin/../lib/gcc/arm-none-eabi/11.2.1/thumb/v7-m/nofp\libg.a(lib_a-mallocr.o)
                0x0800586c                _malloc_r
 .text.__ascii_mbtowc
                0x08005dc4       0x2c c:/users/guoliang/devtools/arm_gnu_toolchain/bin/../lib/gcc/arm-none-eabi/11.2.1/thumb/v7-m/nofp\libg.a(lib_a-mbtowc_r.o)
                0x08005dc4                __ascii_mbtowc
 .text.memchr   0x08005df0       0x94 c:/users/guoliang/devtools/arm_gnu_toolchain/bin/../lib/gcc/arm-none-eabi/11.2.1/thumb/v7-m/nofp\libg.a(lib_a-memchr-stub.o)
                0x08005df0                memchr
 .text.memmove  0x08005e84       0xf8 c:/users/guoliang/devtools/arm_gnu_toolchain/bin/../lib/gcc/arm-none-eabi/11.2.1/thumb/v7-m/nofp\libg.a(lib_a-memmove.o)
                0x08005e84                memmove
 .text.__malloc_lock
                0x08005f7c        0x4 c:/users/guoliang/devtools/arm_gnu_toolchain/bin/../lib/gcc/arm-none-eabi/11.2.1/thumb/v7-m/nofp\libg.a(lib_a-mlock.o)
                0x08005f7c                __malloc_lock
 .text.__malloc_unlock
                0x08005f80        0x4 c:/users/guoliang/devtools/arm_gnu_toolchain/bin/../lib/gcc/arm-none-eabi/11.2.1/thumb/v7-m/nofp\libg.a(lib_a-mlock.o)
                0x08005f80                __malloc_unlock
 .text._Balloc  0x08005f84       0x4c c:/users/guoliang/devtools/arm_gnu_toolchain/bin/../lib/gcc/arm-none-eabi/11.2.1/thumb/v7-m/nofp\libg.a(lib_a-mprec.o)
                0x08005f84                _Balloc
 .text._Bfree   0x08005fd0       0x14 c:/users/guoliang/devtools/arm_gnu_toolchain/bin/../lib/gcc/arm-none-eabi/11.2.1/thumb/v7-m/nofp\libg.a(lib_a-mprec.o)
                0x08005fd0                _Bfree
 .text.__multadd
                0x08005fe4       0xa4 c:/users/guoliang/devtools/arm_gnu_toolchain/bin/../lib/gcc/arm-none-eabi/11.2.1/thumb/v7-m/nofp\libg.a(lib_a-mprec.o)
                0x08005fe4                __multadd
 .text.__hi0bits
                0x08006088       0x40 c:/users/guoliang/devtools/arm_gnu_toolchain/bin/../lib/gcc/arm-none-eabi/11.2.1/thumb/v7-m/nofp\libg.a(lib_a-mprec.o)
                0x08006088                __hi0bits
 .text.__lo0bits
                0x080060c8       0x5c c:/users/guoliang/devtools/arm_gnu_toolchain/bin/../lib/gcc/arm-none-eabi/11.2.1/thumb/v7-m/nofp\libg.a(lib_a-mprec.o)
                0x080060c8                __lo0bits
 .text.__i2b    0x08006124       0x5c c:/users/guoliang/devtools/arm_gnu_toolchain/bin/../lib/gcc/arm-none-eabi/11.2.1/thumb/v7-m/nofp\libg.a(lib_a-mprec.o)
                0x08006124                __i2b
 .text.__multiply
                0x08006180      0x15c c:/users/guoliang/devtools/arm_gnu_toolchain/bin/../lib/gcc/arm-none-eabi/11.2.1/thumb/v7-m/nofp\libg.a(lib_a-mprec.o)
                0x08006180                __multiply
 .text.__pow5mult
                0x080062dc       0xb8 c:/users/guoliang/devtools/arm_gnu_toolchain/bin/../lib/gcc/arm-none-eabi/11.2.1/thumb/v7-m/nofp\libg.a(lib_a-mprec.o)
                0x080062dc                __pow5mult
 .text.__lshift
                0x08006394       0xec c:/users/guoliang/devtools/arm_gnu_toolchain/bin/../lib/gcc/arm-none-eabi/11.2.1/thumb/v7-m/nofp\libg.a(lib_a-mprec.o)
                0x08006394                __lshift
 .text.__mcmp   0x08006480       0x40 c:/users/guoliang/devtools/arm_gnu_toolchain/bin/../lib/gcc/arm-none-eabi/11.2.1/thumb/v7-m/nofp\libg.a(lib_a-mprec.o)
                0x08006480                __mcmp
 .text.__mdiff  0x080064c0      0x150 c:/users/guoliang/devtools/arm_gnu_toolchain/bin/../lib/gcc/arm-none-eabi/11.2.1/thumb/v7-m/nofp\libg.a(lib_a-mprec.o)
                0x080064c0                __mdiff
 .text.__d2b    0x08006610       0xc0 c:/users/guoliang/devtools/arm_gnu_toolchain/bin/../lib/gcc/arm-none-eabi/11.2.1/thumb/v7-m/nofp\libg.a(lib_a-mprec.o)
                0x08006610                __d2b
 .text._realloc_r
                0x080066d0      0x3e0 c:/users/guoliang/devtools/arm_gnu_toolchain/bin/../lib/gcc/arm-none-eabi/11.2.1/thumb/v7-m/nofp\libg.a(lib_a-reallocr.o)
                0x080066d0                _realloc_r
 .text._sbrk_r  0x08006ab0       0x24 c:/users/guoliang/devtools/arm_gnu_toolchain/bin/../lib/gcc/arm-none-eabi/11.2.1/thumb/v7-m/nofp\libg.a(lib_a-sbrkr.o)
                0x08006ab0                _sbrk_r
 .text.frexp    0x08006ad4       0x70 c:/users/guoliang/devtools/arm_gnu_toolchain/bin/../lib/gcc/arm-none-eabi/11.2.1/thumb/v7-m/nofp\libg.a(lib_a-s_frexp.o)
                0x08006ad4                frexp
 .text.__sread  0x08006b44       0x24 c:/users/guoliang/devtools/arm_gnu_toolchain/bin/../lib/gcc/arm-none-eabi/11.2.1/thumb/v7-m/nofp\libg.a(lib_a-stdio.o)
                0x08006b44                __sread
 .text.__swrite
                0x08006b68       0x40 c:/users/guoliang/devtools/arm_gnu_toolchain/bin/../lib/gcc/arm-none-eabi/11.2.1/thumb/v7-m/nofp\libg.a(lib_a-stdio.o)
                0x08006b68                __swrite
 .text.__sseek  0x08006ba8       0x20 c:/users/guoliang/devtools/arm_gnu_toolchain/bin/../lib/gcc/arm-none-eabi/11.2.1/thumb/v7-m/nofp\libg.a(lib_a-stdio.o)
                0x08006ba8                __sseek
 .text.__sclose
                0x08006bc8        0x8 c:/users/guoliang/devtools/arm_gnu_toolchain/bin/../lib/gcc/arm-none-eabi/11.2.1/thumb/v7-m/nofp\libg.a(lib_a-stdio.o)
                0x08006bc8                __sclose
 .text.strncpy  0x08006bd0       0x68 c:/users/guoliang/devtools/arm_gnu_toolchain/bin/../lib/gcc/arm-none-eabi/11.2.1/thumb/v7-m/nofp\libg.a(lib_a-strncpy.o)
                0x08006bd0                strncpy
 .text.__sprint_r.part.0
                0x08006c38       0x78 c:/users/guoliang/devtools/arm_gnu_toolchain/bin/../lib/gcc/arm-none-eabi/11.2.1/thumb/v7-m/nofp\libg.a(lib_a-vfiprintf.o)
 .text.__sprint_r
                0x08006cb0       0x14 c:/users/guoliang/devtools/arm_gnu_toolchain/bin/../lib/gcc/arm-none-eabi/11.2.1/thumb/v7-m/nofp\libg.a(lib_a-vfiprintf.o)
                0x08006cb0                __sprint_r
 .text._vfiprintf_r
                0x08006cc4      0xecc c:/users/guoliang/devtools/arm_gnu_toolchain/bin/../lib/gcc/arm-none-eabi/11.2.1/thumb/v7-m/nofp\libg.a(lib_a-vfiprintf.o)
                0x08006cc4                _vfiprintf_r
 .text.__sbprintf
                0x08007b90       0x6c c:/users/guoliang/devtools/arm_gnu_toolchain/bin/../lib/gcc/arm-none-eabi/11.2.1/thumb/v7-m/nofp\libg.a(lib_a-vfiprintf.o)
 .text._wcsnrtombs_l
                0x08007bfc       0xfc c:/users/guoliang/devtools/arm_gnu_toolchain/bin/../lib/gcc/arm-none-eabi/11.2.1/thumb/v7-m/nofp\libg.a(lib_a-wcsnrtombs.o)
                0x08007bfc                _wcsnrtombs_l
 .text._wcsnrtombs_r
                0x08007cf8       0x24 c:/users/guoliang/devtools/arm_gnu_toolchain/bin/../lib/gcc/arm-none-eabi/11.2.1/thumb/v7-m/nofp\libg.a(lib_a-wcsnrtombs.o)
                0x08007cf8                _wcsnrtombs_r
 .text.__ascii_wctomb
                0x08007d1c       0x1c c:/users/guoliang/devtools/arm_gnu_toolchain/bin/../lib/gcc/arm-none-eabi/11.2.1/thumb/v7-m/nofp\libg.a(lib_a-wctomb_r.o)
                0x08007d1c                __ascii_wctomb
 .text._write_r
                0x08007d38       0x2c c:/users/guoliang/devtools/arm_gnu_toolchain/bin/../lib/gcc/arm-none-eabi/11.2.1/thumb/v7-m/nofp\libg.a(lib_a-writer.o)
                0x08007d38                _write_r
 .text.__assert_func
                0x08007d64       0x40 c:/users/guoliang/devtools/arm_gnu_toolchain/bin/../lib/gcc/arm-none-eabi/11.2.1/thumb/v7-m/nofp\libg.a(lib_a-assert.o)
                0x08007d64                __assert_func
 .text._calloc_r
                0x08007da4       0x78 c:/users/guoliang/devtools/arm_gnu_toolchain/bin/../lib/gcc/arm-none-eabi/11.2.1/thumb/v7-m/nofp\libg.a(lib_a-callocr.o)
                0x08007da4                _calloc_r
 .text._close_r
                0x08007e1c       0x24 c:/users/guoliang/devtools/arm_gnu_toolchain/bin/../lib/gcc/arm-none-eabi/11.2.1/thumb/v7-m/nofp\libg.a(lib_a-closer.o)
                0x08007e1c                _close_r
 .text._fclose_r
                0x08007e40       0x88 c:/users/guoliang/devtools/arm_gnu_toolchain/bin/../lib/gcc/arm-none-eabi/11.2.1/thumb/v7-m/nofp\libg.a(lib_a-fclose.o)
                0x08007e40                _fclose_r
 .text.fiprintf
                0x08007ec8       0x28 c:/users/guoliang/devtools/arm_gnu_toolchain/bin/../lib/gcc/arm-none-eabi/11.2.1/thumb/v7-m/nofp\libg.a(lib_a-fiprintf.o)
                0x08007ec8                fiprintf
 .text.__fputwc
                0x08007ef0       0xa0 c:/users/guoliang/devtools/arm_gnu_toolchain/bin/../lib/gcc/arm-none-eabi/11.2.1/thumb/v7-m/nofp\libg.a(lib_a-fputwc.o)
                0x08007ef0                __fputwc
 .text._fputwc_r
                0x08007f90       0x24 c:/users/guoliang/devtools/arm_gnu_toolchain/bin/../lib/gcc/arm-none-eabi/11.2.1/thumb/v7-m/nofp\libg.a(lib_a-fputwc.o)
                0x08007f90                _fputwc_r
 .text._fstat_r
                0x08007fb4       0x28 c:/users/guoliang/devtools/arm_gnu_toolchain/bin/../lib/gcc/arm-none-eabi/11.2.1/thumb/v7-m/nofp\libg.a(lib_a-fstatr.o)
                0x08007fb4                _fstat_r
 .text._isatty_r
                0x08007fdc       0x24 c:/users/guoliang/devtools/arm_gnu_toolchain/bin/../lib/gcc/arm-none-eabi/11.2.1/thumb/v7-m/nofp\libg.a(lib_a-isattyr.o)
                0x08007fdc                _isatty_r
 .text._lseek_r
                0x08008000       0x2c c:/users/guoliang/devtools/arm_gnu_toolchain/bin/../lib/gcc/arm-none-eabi/11.2.1/thumb/v7-m/nofp\libg.a(lib_a-lseekr.o)
                0x08008000                _lseek_r
 .text._read_r  0x0800802c       0x2c c:/users/guoliang/devtools/arm_gnu_toolchain/bin/../lib/gcc/arm-none-eabi/11.2.1/thumb/v7-m/nofp\libg.a(lib_a-readr.o)
                0x0800802c                _read_r
 .text.__swbuf_r
                0x08008058       0xb0 c:/users/guoliang/devtools/arm_gnu_toolchain/bin/../lib/gcc/arm-none-eabi/11.2.1/thumb/v7-m/nofp\libg.a(lib_a-wbuf.o)
                0x08008058                __swbuf_r
 .text.abort    0x08008108       0x10 c:/users/guoliang/devtools/arm_gnu_toolchain/bin/../lib/gcc/arm-none-eabi/11.2.1/thumb/v7-m/nofp\libg.a(lib_a-abort.o)
                0x08008108                abort
 .text.raise    0x08008118       0x5c c:/users/guoliang/devtools/arm_gnu_toolchain/bin/../lib/gcc/arm-none-eabi/11.2.1/thumb/v7-m/nofp\libg.a(lib_a-signal.o)
                0x08008118                raise
 .text._kill_r  0x08008174       0x28 c:/users/guoliang/devtools/arm_gnu_toolchain/bin/../lib/gcc/arm-none-eabi/11.2.1/thumb/v7-m/nofp\libg.a(lib_a-signalr.o)
                0x08008174                _kill_r
 .text._getpid_r
                0x0800819c        0x4 c:/users/guoliang/devtools/arm_gnu_toolchain/bin/../lib/gcc/arm-none-eabi/11.2.1/thumb/v7-m/nofp\libg.a(lib_a-signalr.o)
                0x0800819c                _getpid_r
 *(.glue_7)
 .glue_7        0x080081a0        0x0 linker stubs
 *(.glue_7t)
 .glue_7t       0x080081a0        0x0 linker stubs
 *(.eh_frame)
 .eh_frame      0x080081a0        0x0 c:/users/guoliang/devtools/arm_gnu_toolchain/bin/../lib/gcc/arm-none-eabi/11.2.1/thumb/v7-m/nofp/crtbegin.o
 *(.init)
 .init          0x080081a0        0x4 c:/users/guoliang/devtools/arm_gnu_toolchain/bin/../lib/gcc/arm-none-eabi/11.2.1/thumb/v7-m/nofp/crti.o
                0x080081a0                _init
 .init          0x080081a4        0x8 c:/users/guoliang/devtools/arm_gnu_toolchain/bin/../lib/gcc/arm-none-eabi/11.2.1/thumb/v7-m/nofp/crtn.o
 *(.fini)
 .fini          0x080081ac        0x4 c:/users/guoliang/devtools/arm_gnu_toolchain/bin/../lib/gcc/arm-none-eabi/11.2.1/thumb/v7-m/nofp/crti.o
                0x080081ac                _fini
 .fini          0x080081b0        0x8 c:/users/guoliang/devtools/arm_gnu_toolchain/bin/../lib/gcc/arm-none-eabi/11.2.1/thumb/v7-m/nofp/crtn.o
                0x080081b8                . = ALIGN (0x4)
                0x080081b8                _etext = .

.vfp11_veneer   0x080081b8        0x0
 .vfp11_veneer  0x080081b8        0x0 linker stubs

.v4_bx          0x080081b8        0x0
 .v4_bx         0x080081b8        0x0 linker stubs

.iplt           0x080081b8        0x0
 .iplt          0x080081b8        0x0 c:/users/guoliang/devtools/arm_gnu_toolchain/bin/../lib/gcc/arm-none-eabi/11.2.1/thumb/v7-m/nofp/crtbegin.o

.rodata         0x080081b8      0x448
                0x080081b8                . = ALIGN (0x4)
 *(.rodata)
 *(.rodata*)
 .rodata.main.str1.4
                0x080081b8       0x30 CMakeFiles/Encode_Count_EXIT.elf.dir/Core/Src/main.c.obj
 .rodata.AHBPrescTable
                0x080081e8       0x10 CMakeFiles/Encode_Count_EXIT.elf.dir/Core/Src/system_stm32f1xx.c.obj
                0x080081e8                AHBPrescTable
 .rodata.APBPrescTable
                0x080081f8        0x8 CMakeFiles/Encode_Count_EXIT.elf.dir/Core/Src/system_stm32f1xx.c.obj
                0x080081f8                APBPrescTable
 .rodata.aPLLMULFactorTable.1
                0x08008200       0x10 CMakeFiles/Encode_Count_EXIT.elf.dir/Drivers/STM32F1xx_HAL_Driver/Src/stm32f1xx_hal_rcc.c.obj
 .rodata.aPredivFactorTable.0
                0x08008210        0x2 CMakeFiles/Encode_Count_EXIT.elf.dir/Drivers/STM32F1xx_HAL_Driver/Src/stm32f1xx_hal_rcc.c.obj
 *fill*         0x08008212        0x2 
 .rodata._puts_r.str1.4
                0x08008214        0x2 c:/users/guoliang/devtools/arm_gnu_toolchain/bin/../lib/gcc/arm-none-eabi/11.2.1/thumb/v7-m/nofp\libg.a(lib_a-puts.o)
 *fill*         0x08008216        0x2 
 .rodata._vfprintf_r.str1.4
                0x08008218       0x42 c:/users/guoliang/devtools/arm_gnu_toolchain/bin/../lib/gcc/arm-none-eabi/11.2.1/thumb/v7-m/nofp\libg.a(lib_a-vfprintf.o)
 *fill*         0x0800825a        0x2 
 .rodata.blanks.1
                0x0800825c       0x10 c:/users/guoliang/devtools/arm_gnu_toolchain/bin/../lib/gcc/arm-none-eabi/11.2.1/thumb/v7-m/nofp\libg.a(lib_a-vfprintf.o)
 .rodata.zeroes.0
                0x0800826c       0x10 c:/users/guoliang/devtools/arm_gnu_toolchain/bin/../lib/gcc/arm-none-eabi/11.2.1/thumb/v7-m/nofp\libg.a(lib_a-vfprintf.o)
 .rodata._dtoa_r.str1.4
                0x0800827c       0x7d c:/users/guoliang/devtools/arm_gnu_toolchain/bin/../lib/gcc/arm-none-eabi/11.2.1/thumb/v7-m/nofp\libg.a(lib_a-dtoa.o)
                                 0x81 (size before relaxing)
 *fill*         0x080082f9        0x3 
 .rodata.str1.4
                0x080082fc       0x48 c:/users/guoliang/devtools/arm_gnu_toolchain/bin/../lib/gcc/arm-none-eabi/11.2.1/thumb/v7-m/nofp\libg.a(lib_a-locale.o)
                                 0x4c (size before relaxing)
 .rodata.__multadd.str1.4
                0x08008344       0x5a c:/users/guoliang/devtools/arm_gnu_toolchain/bin/../lib/gcc/arm-none-eabi/11.2.1/thumb/v7-m/nofp\libg.a(lib_a-mprec.o)
                                 0x6e (size before relaxing)
 *fill*         0x0800839e        0x2 
 .rodata.__mprec_bigtens
                0x080083a0       0x28 c:/users/guoliang/devtools/arm_gnu_toolchain/bin/../lib/gcc/arm-none-eabi/11.2.1/thumb/v7-m/nofp\libg.a(lib_a-mprec.o)
                0x080083a0                __mprec_bigtens
 .rodata.__mprec_tens
                0x080083c8       0xc8 c:/users/guoliang/devtools/arm_gnu_toolchain/bin/../lib/gcc/arm-none-eabi/11.2.1/thumb/v7-m/nofp\libg.a(lib_a-mprec.o)
                0x080083c8                __mprec_tens
 .rodata.p05.0  0x08008490        0xc c:/users/guoliang/devtools/arm_gnu_toolchain/bin/../lib/gcc/arm-none-eabi/11.2.1/thumb/v7-m/nofp\libg.a(lib_a-mprec.o)
 .rodata._vfiprintf_r.str1.4
                0x0800849c       0x2f c:/users/guoliang/devtools/arm_gnu_toolchain/bin/../lib/gcc/arm-none-eabi/11.2.1/thumb/v7-m/nofp\libg.a(lib_a-vfiprintf.o)
 .rodata.blanks.1
                0x0800849c       0x10 c:/users/guoliang/devtools/arm_gnu_toolchain/bin/../lib/gcc/arm-none-eabi/11.2.1/thumb/v7-m/nofp\libg.a(lib_a-vfiprintf.o)
 .rodata.zeroes.0
                0x080084ac       0x10 c:/users/guoliang/devtools/arm_gnu_toolchain/bin/../lib/gcc/arm-none-eabi/11.2.1/thumb/v7-m/nofp\libg.a(lib_a-vfiprintf.o)
 .rodata.__assert_func.str1.4
                0x080084bc       0x3f c:/users/guoliang/devtools/arm_gnu_toolchain/bin/../lib/gcc/arm-none-eabi/11.2.1/thumb/v7-m/nofp\libg.a(lib_a-assert.o)
                                 0x43 (size before relaxing)
 *fill*         0x080084fb        0x1 
 .rodata._ctype_
                0x080084fc      0x101 c:/users/guoliang/devtools/arm_gnu_toolchain/bin/../lib/gcc/arm-none-eabi/11.2.1/thumb/v7-m/nofp\libg.a(lib_a-ctype_.o)
                0x080084fc                _ctype_
                0x08008600                . = ALIGN (0x4)
 *fill*         0x080085fd        0x3 

.rel.dyn        0x08008600        0x0
 .rel.iplt      0x08008600        0x0 c:/users/guoliang/devtools/arm_gnu_toolchain/bin/../lib/gcc/arm-none-eabi/11.2.1/thumb/v7-m/nofp/crtbegin.o

.ARM.extab      0x08008600        0x0
                0x08008600                . = ALIGN (0x4)
 *(.ARM.extab* .gnu.linkonce.armextab.*)
                0x08008600                . = ALIGN (0x4)

.ARM            0x08008600        0x0
                0x08008600                . = ALIGN (0x4)
                0x08008600                __exidx_start = .
 *(.ARM.exidx*)
                0x08008600                __exidx_end = .
                0x08008600                . = ALIGN (0x4)

.preinit_array  0x08008600        0x0
                0x08008600                . = ALIGN (0x4)
                0x08008600                PROVIDE (__preinit_array_start = .)
 *(.preinit_array*)
                0x08008600                PROVIDE (__preinit_array_end = .)
                0x08008600                . = ALIGN (0x4)

.init_array     0x08008600        0x4
                0x08008600                . = ALIGN (0x4)
                0x08008600                PROVIDE (__init_array_start = .)
 *(SORT_BY_NAME(.init_array.*))
 *(.init_array*)
 .init_array    0x08008600        0x4 c:/users/guoliang/devtools/arm_gnu_toolchain/bin/../lib/gcc/arm-none-eabi/11.2.1/thumb/v7-m/nofp/crtbegin.o
                0x08008604                PROVIDE (__init_array_end = .)
                0x08008604                . = ALIGN (0x4)

.fini_array     0x08008604        0x4
                0x08008604                . = ALIGN (0x4)
                [!provide]                PROVIDE (__fini_array_start = .)
 *(SORT_BY_NAME(.fini_array.*))
 *(.fini_array*)
 .fini_array    0x08008604        0x4 c:/users/guoliang/devtools/arm_gnu_toolchain/bin/../lib/gcc/arm-none-eabi/11.2.1/thumb/v7-m/nofp/crtbegin.o
                [!provide]                PROVIDE (__fini_array_end = .)
                0x08008608                . = ALIGN (0x4)
                0x08008608                _sidata = LOADADDR (.data)

.data           0x20000000      0x9b4 load address 0x08008608
                0x20000000                . = ALIGN (0x4)
                0x20000000                _sdata = .
 *(.data)
 *(.data*)
 .data.SystemCoreClock
                0x20000000        0x4 CMakeFiles/Encode_Count_EXIT.elf.dir/Core/Src/system_stm32f1xx.c.obj
                0x20000000                SystemCoreClock
 .data.uwTickFreq
                0x20000004        0x1 CMakeFiles/Encode_Count_EXIT.elf.dir/Drivers/STM32F1xx_HAL_Driver/Src/stm32f1xx_hal.c.obj
                0x20000004                uwTickFreq
 *fill*         0x20000005        0x3 
 .data.uwTickPrio
                0x20000008        0x4 CMakeFiles/Encode_Count_EXIT.elf.dir/Drivers/STM32F1xx_HAL_Driver/Src/stm32f1xx_hal.c.obj
                0x20000008                uwTickPrio
 .data._impure_ptr
                0x2000000c        0x4 c:/users/guoliang/devtools/arm_gnu_toolchain/bin/../lib/gcc/arm-none-eabi/11.2.1/thumb/v7-m/nofp\libg.a(lib_a-impure.o)
                0x2000000c                _impure_ptr
 .data.impure_data
                0x20000010      0x428 c:/users/guoliang/devtools/arm_gnu_toolchain/bin/../lib/gcc/arm-none-eabi/11.2.1/thumb/v7-m/nofp\libg.a(lib_a-impure.o)
 .data.__global_locale
                0x20000438      0x16c c:/users/guoliang/devtools/arm_gnu_toolchain/bin/../lib/gcc/arm-none-eabi/11.2.1/thumb/v7-m/nofp\libg.a(lib_a-locale.o)
                0x20000438                __global_locale
 .data.__malloc_av_
                0x200005a4      0x408 c:/users/guoliang/devtools/arm_gnu_toolchain/bin/../lib/gcc/arm-none-eabi/11.2.1/thumb/v7-m/nofp\libg.a(lib_a-mallocr.o)
                0x200005a4                __malloc_av_
 .data.__malloc_sbrk_base
                0x200009ac        0x4 c:/users/guoliang/devtools/arm_gnu_toolchain/bin/../lib/gcc/arm-none-eabi/11.2.1/thumb/v7-m/nofp\libg.a(lib_a-mallocr.o)
                0x200009ac                __malloc_sbrk_base
 .data.__malloc_trim_threshold
                0x200009b0        0x4 c:/users/guoliang/devtools/arm_gnu_toolchain/bin/../lib/gcc/arm-none-eabi/11.2.1/thumb/v7-m/nofp\libg.a(lib_a-mallocr.o)
                0x200009b0                __malloc_trim_threshold
 *(.RamFunc)
 *(.RamFunc*)
                0x200009b4                . = ALIGN (0x4)
                0x200009b4                _edata = .

.tm_clone_table
                0x200009b4        0x0 load address 0x08008fbc
 .tm_clone_table
                0x200009b4        0x0 c:/users/guoliang/devtools/arm_gnu_toolchain/bin/../lib/gcc/arm-none-eabi/11.2.1/thumb/v7-m/nofp/crtbegin.o
 .tm_clone_table
                0x200009b4        0x0 c:/users/guoliang/devtools/arm_gnu_toolchain/bin/../lib/gcc/arm-none-eabi/11.2.1/thumb/v7-m/nofp/crtend.o

.igot.plt       0x200009b4        0x0 load address 0x08008fbc
 .igot.plt      0x200009b4        0x0 c:/users/guoliang/devtools/arm_gnu_toolchain/bin/../lib/gcc/arm-none-eabi/11.2.1/thumb/v7-m/nofp/crtbegin.o
                0x200009b4                . = ALIGN (0x4)

.bss            0x200009b4       0xac load address 0x08008fbc
                0x200009b4                _sbss = .
                0x200009b4                __bss_start__ = _sbss
 *(.bss)
 *(.bss*)
 .bss.completed.1
                0x200009b4        0x1 c:/users/guoliang/devtools/arm_gnu_toolchain/bin/../lib/gcc/arm-none-eabi/11.2.1/thumb/v7-m/nofp/crtbegin.o
 *fill*         0x200009b5        0x3 
 .bss.object.0  0x200009b8       0x18 c:/users/guoliang/devtools/arm_gnu_toolchain/bin/../lib/gcc/arm-none-eabi/11.2.1/thumb/v7-m/nofp/crtbegin.o
 .bss.gHuart    0x200009d0        0x4 CMakeFiles/Encode_Count_EXIT.elf.dir/Core/Src/retarget.c.obj
                0x200009d0                gHuart
 .bss.EncodeCount
                0x200009d4        0x4 CMakeFiles/Encode_Count_EXIT.elf.dir/Core/Src/stm32f1xx_it.c.obj
                0x200009d4                EncodeCount
 .bss.__sbrk_heap_end
                0x200009d8        0x4 CMakeFiles/Encode_Count_EXIT.elf.dir/Core/Src/sysmem.c.obj
 .bss.huart1    0x200009dc       0x48 CMakeFiles/Encode_Count_EXIT.elf.dir/Core/Src/usart.c.obj
                0x200009dc                huart1
 .bss.uwTick    0x20000a24        0x4 CMakeFiles/Encode_Count_EXIT.elf.dir/Drivers/STM32F1xx_HAL_Driver/Src/stm32f1xx_hal.c.obj
                0x20000a24                uwTick
 .bss.__malloc_current_mallinfo
                0x20000a28       0x28 c:/users/guoliang/devtools/arm_gnu_toolchain/bin/../lib/gcc/arm-none-eabi/11.2.1/thumb/v7-m/nofp\libg.a(lib_a-mallocr.o)
                0x20000a28                __malloc_current_mallinfo
 .bss.__malloc_max_sbrked_mem
                0x20000a50        0x4 c:/users/guoliang/devtools/arm_gnu_toolchain/bin/../lib/gcc/arm-none-eabi/11.2.1/thumb/v7-m/nofp\libg.a(lib_a-mallocr.o)
                0x20000a50                __malloc_max_sbrked_mem
 .bss.__malloc_max_total_mem
                0x20000a54        0x4 c:/users/guoliang/devtools/arm_gnu_toolchain/bin/../lib/gcc/arm-none-eabi/11.2.1/thumb/v7-m/nofp\libg.a(lib_a-mallocr.o)
                0x20000a54                __malloc_max_total_mem
 .bss.__malloc_top_pad
                0x20000a58        0x4 c:/users/guoliang/devtools/arm_gnu_toolchain/bin/../lib/gcc/arm-none-eabi/11.2.1/thumb/v7-m/nofp\libg.a(lib_a-mallocr.o)
                0x20000a58                __malloc_top_pad
 .bss.errno     0x20000a5c        0x4 c:/users/guoliang/devtools/arm_gnu_toolchain/bin/../lib/gcc/arm-none-eabi/11.2.1/thumb/v7-m/nofp\libg.a(lib_a-reent.o)
                0x20000a5c                errno
 *(COMMON)
                0x20000a60                . = ALIGN (0x4)
                0x20000a60                _ebss = .
                0x20000a60                __bss_end__ = _ebss

._user_heap_stack
                0x20000a60      0x600 load address 0x08008fbc
                0x20000a60                . = ALIGN (0x8)
                [!provide]                PROVIDE (end = .)
                0x20000a60                PROVIDE (_end = .)
                0x20000c60                . = (. + _Min_Heap_Size)
 *fill*         0x20000a60      0x200 
                0x20001060                . = (. + _Min_Stack_Size)
 *fill*         0x20000c60      0x400 
                0x20001060                . = ALIGN (0x8)

/DISCARD/
 libc.a(*)
 libm.a(*)
 libgcc.a(*)

.ARM.attributes
                0x00000000       0x29
 *(.ARM.attributes)
 .ARM.attributes
                0x00000000       0x1d c:/users/guoliang/devtools/arm_gnu_toolchain/bin/../lib/gcc/arm-none-eabi/11.2.1/thumb/v7-m/nofp/crti.o
 .ARM.attributes
                0x0000001d       0x2d c:/users/guoliang/devtools/arm_gnu_toolchain/bin/../lib/gcc/arm-none-eabi/11.2.1/thumb/v7-m/nofp/crtbegin.o
 .ARM.attributes
                0x0000004a       0x2d CMakeFiles/Encode_Count_EXIT.elf.dir/Core/Src/gpio.c.obj
 .ARM.attributes
                0x00000077       0x2d CMakeFiles/Encode_Count_EXIT.elf.dir/Core/Src/main.c.obj
 .ARM.attributes
                0x000000a4       0x2d CMakeFiles/Encode_Count_EXIT.elf.dir/Core/Src/retarget.c.obj
 .ARM.attributes
                0x000000d1       0x2d CMakeFiles/Encode_Count_EXIT.elf.dir/Core/Src/stm32f1xx_hal_msp.c.obj
 .ARM.attributes
                0x000000fe       0x2d CMakeFiles/Encode_Count_EXIT.elf.dir/Core/Src/stm32f1xx_it.c.obj
 .ARM.attributes
                0x0000012b       0x2d CMakeFiles/Encode_Count_EXIT.elf.dir/Core/Src/syscalls.c.obj
 .ARM.attributes
                0x00000158       0x2d CMakeFiles/Encode_Count_EXIT.elf.dir/Core/Src/sysmem.c.obj
 .ARM.attributes
                0x00000185       0x2d CMakeFiles/Encode_Count_EXIT.elf.dir/Core/Src/system_stm32f1xx.c.obj
 .ARM.attributes
                0x000001b2       0x2d CMakeFiles/Encode_Count_EXIT.elf.dir/Core/Src/usart.c.obj
 .ARM.attributes
                0x000001df       0x21 CMakeFiles/Encode_Count_EXIT.elf.dir/Core/Startup/startup_stm32f103rctx.s.obj
 .ARM.attributes
                0x00000200       0x2d CMakeFiles/Encode_Count_EXIT.elf.dir/Drivers/STM32F1xx_HAL_Driver/Src/stm32f1xx_hal.c.obj
 .ARM.attributes
                0x0000022d       0x2d CMakeFiles/Encode_Count_EXIT.elf.dir/Drivers/STM32F1xx_HAL_Driver/Src/stm32f1xx_hal_cortex.c.obj
 .ARM.attributes
                0x0000025a       0x2d CMakeFiles/Encode_Count_EXIT.elf.dir/Drivers/STM32F1xx_HAL_Driver/Src/stm32f1xx_hal_gpio.c.obj
 .ARM.attributes
                0x00000287       0x2d CMakeFiles/Encode_Count_EXIT.elf.dir/Drivers/STM32F1xx_HAL_Driver/Src/stm32f1xx_hal_rcc.c.obj
 .ARM.attributes
                0x000002b4       0x2d CMakeFiles/Encode_Count_EXIT.elf.dir/Drivers/STM32F1xx_HAL_Driver/Src/stm32f1xx_hal_uart.c.obj
 .ARM.attributes
                0x000002e1       0x2d c:/users/guoliang/devtools/arm_gnu_toolchain/bin/../lib/gcc/arm-none-eabi/11.2.1/thumb/v7-m/nofp\libg.a(lib_a-errno.o)
 .ARM.attributes
                0x0000030e       0x2d c:/users/guoliang/devtools/arm_gnu_toolchain/bin/../lib/gcc/arm-none-eabi/11.2.1/thumb/v7-m/nofp\libg.a(lib_a-impure.o)
 .ARM.attributes
                0x0000033b       0x2d c:/users/guoliang/devtools/arm_gnu_toolchain/bin/../lib/gcc/arm-none-eabi/11.2.1/thumb/v7-m/nofp\libg.a(lib_a-init.o)
 .ARM.attributes
                0x00000368       0x2d c:/users/guoliang/devtools/arm_gnu_toolchain/bin/../lib/gcc/arm-none-eabi/11.2.1/thumb/v7-m/nofp\libg.a(lib_a-memset.o)
 .ARM.attributes
                0x00000395       0x2d c:/users/guoliang/devtools/arm_gnu_toolchain/bin/../lib/gcc/arm-none-eabi/11.2.1/thumb/v7-m/nofp\libg.a(lib_a-printf.o)
 .ARM.attributes
                0x000003c2       0x2d c:/users/guoliang/devtools/arm_gnu_toolchain/bin/../lib/gcc/arm-none-eabi/11.2.1/thumb/v7-m/nofp\libg.a(lib_a-puts.o)
 .ARM.attributes
                0x000003ef       0x2d c:/users/guoliang/devtools/arm_gnu_toolchain/bin/../lib/gcc/arm-none-eabi/11.2.1/thumb/v7-m/nofp\libg.a(lib_a-setvbuf.o)
 .ARM.attributes
                0x0000041c       0x2d c:/users/guoliang/devtools/arm_gnu_toolchain/bin/../lib/gcc/arm-none-eabi/11.2.1/thumb/v7-m/nofp\libg.a(lib_a-strlen-stub.o)
 .ARM.attributes
                0x00000449       0x2d c:/users/guoliang/devtools/arm_gnu_toolchain/bin/../lib/gcc/arm-none-eabi/11.2.1/thumb/v7-m/nofp\libg.a(lib_a-vfprintf.o)
 .ARM.attributes
                0x00000476       0x2d c:/users/guoliang/devtools/arm_gnu_toolchain/bin/../lib/gcc/arm-none-eabi/11.2.1/thumb/v7-m/nofp\libg.a(lib_a-wcrtomb.o)
 .ARM.attributes
                0x000004a3       0x2d c:/users/guoliang/devtools/arm_gnu_toolchain/bin/../lib/gcc/arm-none-eabi/11.2.1/thumb/v7-m/nofp\libg.a(lib_a-wcsrtombs.o)
 .ARM.attributes
                0x000004d0       0x2d c:/users/guoliang/devtools/arm_gnu_toolchain/bin/../lib/gcc/arm-none-eabi/11.2.1/thumb/v7-m/nofp\libg.a(lib_a-wsetup.o)
 .ARM.attributes
                0x000004fd       0x2d c:/users/guoliang/devtools/arm_gnu_toolchain/bin/../lib/gcc/arm-none-eabi/11.2.1/thumb/v7-m/nofp\libg.a(lib_a-dtoa.o)
 .ARM.attributes
                0x0000052a       0x2d c:/users/guoliang/devtools/arm_gnu_toolchain/bin/../lib/gcc/arm-none-eabi/11.2.1/thumb/v7-m/nofp\libg.a(lib_a-fflush.o)
 .ARM.attributes
                0x00000557       0x2d c:/users/guoliang/devtools/arm_gnu_toolchain/bin/../lib/gcc/arm-none-eabi/11.2.1/thumb/v7-m/nofp\libg.a(lib_a-findfp.o)
 .ARM.attributes
                0x00000584       0x2d c:/users/guoliang/devtools/arm_gnu_toolchain/bin/../lib/gcc/arm-none-eabi/11.2.1/thumb/v7-m/nofp\libg.a(lib_a-freer.o)
 .ARM.attributes
                0x000005b1       0x2d c:/users/guoliang/devtools/arm_gnu_toolchain/bin/../lib/gcc/arm-none-eabi/11.2.1/thumb/v7-m/nofp\libg.a(lib_a-fvwrite.o)
 .ARM.attributes
                0x000005de       0x2d c:/users/guoliang/devtools/arm_gnu_toolchain/bin/../lib/gcc/arm-none-eabi/11.2.1/thumb/v7-m/nofp\libg.a(lib_a-fwalk.o)
 .ARM.attributes
                0x0000060b       0x2d c:/users/guoliang/devtools/arm_gnu_toolchain/bin/../lib/gcc/arm-none-eabi/11.2.1/thumb/v7-m/nofp\libg.a(lib_a-localeconv.o)
 .ARM.attributes
                0x00000638       0x2d c:/users/guoliang/devtools/arm_gnu_toolchain/bin/../lib/gcc/arm-none-eabi/11.2.1/thumb/v7-m/nofp\libg.a(lib_a-locale.o)
 .ARM.attributes
                0x00000665       0x2d c:/users/guoliang/devtools/arm_gnu_toolchain/bin/../lib/gcc/arm-none-eabi/11.2.1/thumb/v7-m/nofp\libg.a(lib_a-makebuf.o)
 .ARM.attributes
                0x00000692       0x2d c:/users/guoliang/devtools/arm_gnu_toolchain/bin/../lib/gcc/arm-none-eabi/11.2.1/thumb/v7-m/nofp\libg.a(lib_a-malloc.o)
 .ARM.attributes
                0x000006bf       0x2d c:/users/guoliang/devtools/arm_gnu_toolchain/bin/../lib/gcc/arm-none-eabi/11.2.1/thumb/v7-m/nofp\libg.a(lib_a-mallocr.o)
 .ARM.attributes
                0x000006ec       0x2d c:/users/guoliang/devtools/arm_gnu_toolchain/bin/../lib/gcc/arm-none-eabi/11.2.1/thumb/v7-m/nofp\libg.a(lib_a-mbtowc_r.o)
 .ARM.attributes
                0x00000719       0x2d c:/users/guoliang/devtools/arm_gnu_toolchain/bin/../lib/gcc/arm-none-eabi/11.2.1/thumb/v7-m/nofp\libg.a(lib_a-memchr-stub.o)
 .ARM.attributes
                0x00000746       0x1b c:/users/guoliang/devtools/arm_gnu_toolchain/bin/../lib/gcc/arm-none-eabi/11.2.1/thumb/v7-m/nofp\libg.a(lib_a-memcpy.o)
 .ARM.attributes
                0x00000761       0x2d c:/users/guoliang/devtools/arm_gnu_toolchain/bin/../lib/gcc/arm-none-eabi/11.2.1/thumb/v7-m/nofp\libg.a(lib_a-memmove.o)
 .ARM.attributes
                0x0000078e       0x2d c:/users/guoliang/devtools/arm_gnu_toolchain/bin/../lib/gcc/arm-none-eabi/11.2.1/thumb/v7-m/nofp\libg.a(lib_a-mlock.o)
 .ARM.attributes
                0x000007bb       0x2d c:/users/guoliang/devtools/arm_gnu_toolchain/bin/../lib/gcc/arm-none-eabi/11.2.1/thumb/v7-m/nofp\libg.a(lib_a-mprec.o)
 .ARM.attributes
                0x000007e8       0x2d c:/users/guoliang/devtools/arm_gnu_toolchain/bin/../lib/gcc/arm-none-eabi/11.2.1/thumb/v7-m/nofp\libg.a(lib_a-reallocr.o)
 .ARM.attributes
                0x00000815       0x2d c:/users/guoliang/devtools/arm_gnu_toolchain/bin/../lib/gcc/arm-none-eabi/11.2.1/thumb/v7-m/nofp\libg.a(lib_a-sbrkr.o)
 .ARM.attributes
                0x00000842       0x2d c:/users/guoliang/devtools/arm_gnu_toolchain/bin/../lib/gcc/arm-none-eabi/11.2.1/thumb/v7-m/nofp\libg.a(lib_a-s_frexp.o)
 .ARM.attributes
                0x0000086f       0x2d c:/users/guoliang/devtools/arm_gnu_toolchain/bin/../lib/gcc/arm-none-eabi/11.2.1/thumb/v7-m/nofp\libg.a(lib_a-stdio.o)
 .ARM.attributes
                0x0000089c       0x2d c:/users/guoliang/devtools/arm_gnu_toolchain/bin/../lib/gcc/arm-none-eabi/11.2.1/thumb/v7-m/nofp\libg.a(lib_a-strncpy.o)
 .ARM.attributes
                0x000008c9       0x2d c:/users/guoliang/devtools/arm_gnu_toolchain/bin/../lib/gcc/arm-none-eabi/11.2.1/thumb/v7-m/nofp\libg.a(lib_a-vfiprintf.o)
 .ARM.attributes
                0x000008f6       0x2d c:/users/guoliang/devtools/arm_gnu_toolchain/bin/../lib/gcc/arm-none-eabi/11.2.1/thumb/v7-m/nofp\libg.a(lib_a-wcsnrtombs.o)
 .ARM.attributes
                0x00000923       0x2d c:/users/guoliang/devtools/arm_gnu_toolchain/bin/../lib/gcc/arm-none-eabi/11.2.1/thumb/v7-m/nofp\libg.a(lib_a-wctomb_r.o)
 .ARM.attributes
                0x00000950       0x2d c:/users/guoliang/devtools/arm_gnu_toolchain/bin/../lib/gcc/arm-none-eabi/11.2.1/thumb/v7-m/nofp\libg.a(lib_a-writer.o)
 .ARM.attributes
                0x0000097d       0x2d c:/users/guoliang/devtools/arm_gnu_toolchain/bin/../lib/gcc/arm-none-eabi/11.2.1/thumb/v7-m/nofp\libg.a(lib_a-assert.o)
 .ARM.attributes
                0x000009aa       0x2d c:/users/guoliang/devtools/arm_gnu_toolchain/bin/../lib/gcc/arm-none-eabi/11.2.1/thumb/v7-m/nofp\libg.a(lib_a-callocr.o)
 .ARM.attributes
                0x000009d7       0x2d c:/users/guoliang/devtools/arm_gnu_toolchain/bin/../lib/gcc/arm-none-eabi/11.2.1/thumb/v7-m/nofp\libg.a(lib_a-closer.o)
 .ARM.attributes
                0x00000a04       0x2d c:/users/guoliang/devtools/arm_gnu_toolchain/bin/../lib/gcc/arm-none-eabi/11.2.1/thumb/v7-m/nofp\libg.a(lib_a-ctype_.o)
 .ARM.attributes
                0x00000a31       0x2d c:/users/guoliang/devtools/arm_gnu_toolchain/bin/../lib/gcc/arm-none-eabi/11.2.1/thumb/v7-m/nofp\libg.a(lib_a-fclose.o)
 .ARM.attributes
                0x00000a5e       0x2d c:/users/guoliang/devtools/arm_gnu_toolchain/bin/../lib/gcc/arm-none-eabi/11.2.1/thumb/v7-m/nofp\libg.a(lib_a-fiprintf.o)
 .ARM.attributes
                0x00000a8b       0x2d c:/users/guoliang/devtools/arm_gnu_toolchain/bin/../lib/gcc/arm-none-eabi/11.2.1/thumb/v7-m/nofp\libg.a(lib_a-fputwc.o)
 .ARM.attributes
                0x00000ab8       0x2d c:/users/guoliang/devtools/arm_gnu_toolchain/bin/../lib/gcc/arm-none-eabi/11.2.1/thumb/v7-m/nofp\libg.a(lib_a-fstatr.o)
 .ARM.attributes
                0x00000ae5       0x2d c:/users/guoliang/devtools/arm_gnu_toolchain/bin/../lib/gcc/arm-none-eabi/11.2.1/thumb/v7-m/nofp\libg.a(lib_a-isattyr.o)
 .ARM.attributes
                0x00000b12       0x2d c:/users/guoliang/devtools/arm_gnu_toolchain/bin/../lib/gcc/arm-none-eabi/11.2.1/thumb/v7-m/nofp\libg.a(lib_a-lseekr.o)
 .ARM.attributes
                0x00000b3f       0x2d c:/users/guoliang/devtools/arm_gnu_toolchain/bin/../lib/gcc/arm-none-eabi/11.2.1/thumb/v7-m/nofp\libg.a(lib_a-readr.o)
 .ARM.attributes
                0x00000b6c       0x2d c:/users/guoliang/devtools/arm_gnu_toolchain/bin/../lib/gcc/arm-none-eabi/11.2.1/thumb/v7-m/nofp\libg.a(lib_a-reent.o)
 .ARM.attributes
                0x00000b99       0x2d c:/users/guoliang/devtools/arm_gnu_toolchain/bin/../lib/gcc/arm-none-eabi/11.2.1/thumb/v7-m/nofp\libg.a(lib_a-wbuf.o)
 .ARM.attributes
                0x00000bc6       0x2d c:/users/guoliang/devtools/arm_gnu_toolchain/bin/../lib/gcc/arm-none-eabi/11.2.1/thumb/v7-m/nofp\libg.a(lib_a-abort.o)
 .ARM.attributes
                0x00000bf3       0x2d c:/users/guoliang/devtools/arm_gnu_toolchain/bin/../lib/gcc/arm-none-eabi/11.2.1/thumb/v7-m/nofp\libg.a(lib_a-signal.o)
 .ARM.attributes
                0x00000c20       0x2d c:/users/guoliang/devtools/arm_gnu_toolchain/bin/../lib/gcc/arm-none-eabi/11.2.1/thumb/v7-m/nofp\libg.a(lib_a-signalr.o)
 .ARM.attributes
                0x00000c4d       0x1d c:/users/guoliang/devtools/arm_gnu_toolchain/bin/../lib/gcc/arm-none-eabi/11.2.1/thumb/v7-m/nofp\libgcc.a(_arm_addsubdf3.o)
 .ARM.attributes
                0x00000c6a       0x1d c:/users/guoliang/devtools/arm_gnu_toolchain/bin/../lib/gcc/arm-none-eabi/11.2.1/thumb/v7-m/nofp\libgcc.a(_arm_muldivdf3.o)
 .ARM.attributes
                0x00000c87       0x1d c:/users/guoliang/devtools/arm_gnu_toolchain/bin/../lib/gcc/arm-none-eabi/11.2.1/thumb/v7-m/nofp\libgcc.a(_arm_cmpdf2.o)
 .ARM.attributes
                0x00000ca4       0x1d c:/users/guoliang/devtools/arm_gnu_toolchain/bin/../lib/gcc/arm-none-eabi/11.2.1/thumb/v7-m/nofp\libgcc.a(_arm_unorddf2.o)
 .ARM.attributes
                0x00000cc1       0x1d c:/users/guoliang/devtools/arm_gnu_toolchain/bin/../lib/gcc/arm-none-eabi/11.2.1/thumb/v7-m/nofp\libgcc.a(_arm_fixdfsi.o)
 .ARM.attributes
                0x00000cde       0x2d c:/users/guoliang/devtools/arm_gnu_toolchain/bin/../lib/gcc/arm-none-eabi/11.2.1/thumb/v7-m/nofp/crtend.o
 .ARM.attributes
                0x00000d0b       0x1d c:/users/guoliang/devtools/arm_gnu_toolchain/bin/../lib/gcc/arm-none-eabi/11.2.1/thumb/v7-m/nofp/crtn.o
OUTPUT(Encode_Count_EXIT.elf elf32-littlearm)
LOAD linker stubs
LOAD c:/users/guoliang/devtools/arm_gnu_toolchain/bin/../lib/gcc/arm-none-eabi/11.2.1/thumb/v7-m/nofp\libc.a
LOAD c:/users/guoliang/devtools/arm_gnu_toolchain/bin/../lib/gcc/arm-none-eabi/11.2.1/thumb/v7-m/nofp\libm.a
LOAD c:/users/guoliang/devtools/arm_gnu_toolchain/bin/../lib/gcc/arm-none-eabi/11.2.1/thumb/v7-m/nofp\libgcc.a

.comment        0x00000000       0x57
 .comment       0x00000000       0x57 c:/users/guoliang/devtools/arm_gnu_toolchain/bin/../lib/gcc/arm-none-eabi/11.2.1/thumb/v7-m/nofp/crtbegin.o
                                 0x58 (size before relaxing)
 .comment       0x00000057       0x58 CMakeFiles/Encode_Count_EXIT.elf.dir/Core/Src/gpio.c.obj
 .comment       0x00000057       0x58 CMakeFiles/Encode_Count_EXIT.elf.dir/Core/Src/main.c.obj
 .comment       0x00000057       0x58 CMakeFiles/Encode_Count_EXIT.elf.dir/Core/Src/retarget.c.obj
 .comment       0x00000057       0x58 CMakeFiles/Encode_Count_EXIT.elf.dir/Core/Src/stm32f1xx_hal_msp.c.obj
 .comment       0x00000057       0x58 CMakeFiles/Encode_Count_EXIT.elf.dir/Core/Src/stm32f1xx_it.c.obj
 .comment       0x00000057       0x58 CMakeFiles/Encode_Count_EXIT.elf.dir/Core/Src/syscalls.c.obj
 .comment       0x00000057       0x58 CMakeFiles/Encode_Count_EXIT.elf.dir/Core/Src/sysmem.c.obj
 .comment       0x00000057       0x58 CMakeFiles/Encode_Count_EXIT.elf.dir/Core/Src/system_stm32f1xx.c.obj
 .comment       0x00000057       0x58 CMakeFiles/Encode_Count_EXIT.elf.dir/Core/Src/usart.c.obj
 .comment       0x00000057       0x58 CMakeFiles/Encode_Count_EXIT.elf.dir/Drivers/STM32F1xx_HAL_Driver/Src/stm32f1xx_hal.c.obj
 .comment       0x00000057       0x58 CMakeFiles/Encode_Count_EXIT.elf.dir/Drivers/STM32F1xx_HAL_Driver/Src/stm32f1xx_hal_cortex.c.obj
 .comment       0x00000057       0x58 CMakeFiles/Encode_Count_EXIT.elf.dir/Drivers/STM32F1xx_HAL_Driver/Src/stm32f1xx_hal_gpio.c.obj
 .comment       0x00000057       0x58 CMakeFiles/Encode_Count_EXIT.elf.dir/Drivers/STM32F1xx_HAL_Driver/Src/stm32f1xx_hal_rcc.c.obj
 .comment       0x00000057       0x58 CMakeFiles/Encode_Count_EXIT.elf.dir/Drivers/STM32F1xx_HAL_Driver/Src/stm32f1xx_hal_uart.c.obj
 .comment       0x00000057       0x58 c:/users/guoliang/devtools/arm_gnu_toolchain/bin/../lib/gcc/arm-none-eabi/11.2.1/thumb/v7-m/nofp\libg.a(lib_a-errno.o)
 .comment       0x00000057       0x58 c:/users/guoliang/devtools/arm_gnu_toolchain/bin/../lib/gcc/arm-none-eabi/11.2.1/thumb/v7-m/nofp\libg.a(lib_a-impure.o)
 .comment       0x00000057       0x58 c:/users/guoliang/devtools/arm_gnu_toolchain/bin/../lib/gcc/arm-none-eabi/11.2.1/thumb/v7-m/nofp\libg.a(lib_a-init.o)
 .comment       0x00000057       0x58 c:/users/guoliang/devtools/arm_gnu_toolchain/bin/../lib/gcc/arm-none-eabi/11.2.1/thumb/v7-m/nofp\libg.a(lib_a-memset.o)
 .comment       0x00000057       0x58 c:/users/guoliang/devtools/arm_gnu_toolchain/bin/../lib/gcc/arm-none-eabi/11.2.1/thumb/v7-m/nofp\libg.a(lib_a-printf.o)
 .comment       0x00000057       0x58 c:/users/guoliang/devtools/arm_gnu_toolchain/bin/../lib/gcc/arm-none-eabi/11.2.1/thumb/v7-m/nofp\libg.a(lib_a-puts.o)
 .comment       0x00000057       0x58 c:/users/guoliang/devtools/arm_gnu_toolchain/bin/../lib/gcc/arm-none-eabi/11.2.1/thumb/v7-m/nofp\libg.a(lib_a-setvbuf.o)
 .comment       0x00000057       0x58 c:/users/guoliang/devtools/arm_gnu_toolchain/bin/../lib/gcc/arm-none-eabi/11.2.1/thumb/v7-m/nofp\libg.a(lib_a-strlen-stub.o)
 .comment       0x00000057       0x58 c:/users/guoliang/devtools/arm_gnu_toolchain/bin/../lib/gcc/arm-none-eabi/11.2.1/thumb/v7-m/nofp\libg.a(lib_a-vfprintf.o)
 .comment       0x00000057       0x58 c:/users/guoliang/devtools/arm_gnu_toolchain/bin/../lib/gcc/arm-none-eabi/11.2.1/thumb/v7-m/nofp\libg.a(lib_a-wcrtomb.o)
 .comment       0x00000057       0x58 c:/users/guoliang/devtools/arm_gnu_toolchain/bin/../lib/gcc/arm-none-eabi/11.2.1/thumb/v7-m/nofp\libg.a(lib_a-wcsrtombs.o)
 .comment       0x00000057       0x58 c:/users/guoliang/devtools/arm_gnu_toolchain/bin/../lib/gcc/arm-none-eabi/11.2.1/thumb/v7-m/nofp\libg.a(lib_a-wsetup.o)
 .comment       0x00000057       0x58 c:/users/guoliang/devtools/arm_gnu_toolchain/bin/../lib/gcc/arm-none-eabi/11.2.1/thumb/v7-m/nofp\libg.a(lib_a-dtoa.o)
 .comment       0x00000057       0x58 c:/users/guoliang/devtools/arm_gnu_toolchain/bin/../lib/gcc/arm-none-eabi/11.2.1/thumb/v7-m/nofp\libg.a(lib_a-fflush.o)
 .comment       0x00000057       0x58 c:/users/guoliang/devtools/arm_gnu_toolchain/bin/../lib/gcc/arm-none-eabi/11.2.1/thumb/v7-m/nofp\libg.a(lib_a-findfp.o)
 .comment       0x00000057       0x58 c:/users/guoliang/devtools/arm_gnu_toolchain/bin/../lib/gcc/arm-none-eabi/11.2.1/thumb/v7-m/nofp\libg.a(lib_a-freer.o)
 .comment       0x00000057       0x58 c:/users/guoliang/devtools/arm_gnu_toolchain/bin/../lib/gcc/arm-none-eabi/11.2.1/thumb/v7-m/nofp\libg.a(lib_a-fvwrite.o)
 .comment       0x00000057       0x58 c:/users/guoliang/devtools/arm_gnu_toolchain/bin/../lib/gcc/arm-none-eabi/11.2.1/thumb/v7-m/nofp\libg.a(lib_a-fwalk.o)
 .comment       0x00000057       0x58 c:/users/guoliang/devtools/arm_gnu_toolchain/bin/../lib/gcc/arm-none-eabi/11.2.1/thumb/v7-m/nofp\libg.a(lib_a-localeconv.o)
 .comment       0x00000057       0x58 c:/users/guoliang/devtools/arm_gnu_toolchain/bin/../lib/gcc/arm-none-eabi/11.2.1/thumb/v7-m/nofp\libg.a(lib_a-locale.o)
 .comment       0x00000057       0x58 c:/users/guoliang/devtools/arm_gnu_toolchain/bin/../lib/gcc/arm-none-eabi/11.2.1/thumb/v7-m/nofp\libg.a(lib_a-makebuf.o)
 .comment       0x00000057       0x58 c:/users/guoliang/devtools/arm_gnu_toolchain/bin/../lib/gcc/arm-none-eabi/11.2.1/thumb/v7-m/nofp\libg.a(lib_a-malloc.o)
 .comment       0x00000057       0x58 c:/users/guoliang/devtools/arm_gnu_toolchain/bin/../lib/gcc/arm-none-eabi/11.2.1/thumb/v7-m/nofp\libg.a(lib_a-mallocr.o)
 .comment       0x00000057       0x58 c:/users/guoliang/devtools/arm_gnu_toolchain/bin/../lib/gcc/arm-none-eabi/11.2.1/thumb/v7-m/nofp\libg.a(lib_a-mbtowc_r.o)
 .comment       0x00000057       0x58 c:/users/guoliang/devtools/arm_gnu_toolchain/bin/../lib/gcc/arm-none-eabi/11.2.1/thumb/v7-m/nofp\libg.a(lib_a-memchr-stub.o)
 .comment       0x00000057       0x58 c:/users/guoliang/devtools/arm_gnu_toolchain/bin/../lib/gcc/arm-none-eabi/11.2.1/thumb/v7-m/nofp\libg.a(lib_a-memmove.o)
 .comment       0x00000057       0x58 c:/users/guoliang/devtools/arm_gnu_toolchain/bin/../lib/gcc/arm-none-eabi/11.2.1/thumb/v7-m/nofp\libg.a(lib_a-mlock.o)
 .comment       0x00000057       0x58 c:/users/guoliang/devtools/arm_gnu_toolchain/bin/../lib/gcc/arm-none-eabi/11.2.1/thumb/v7-m/nofp\libg.a(lib_a-mprec.o)
 .comment       0x00000057       0x58 c:/users/guoliang/devtools/arm_gnu_toolchain/bin/../lib/gcc/arm-none-eabi/11.2.1/thumb/v7-m/nofp\libg.a(lib_a-reallocr.o)
 .comment       0x00000057       0x58 c:/users/guoliang/devtools/arm_gnu_toolchain/bin/../lib/gcc/arm-none-eabi/11.2.1/thumb/v7-m/nofp\libg.a(lib_a-sbrkr.o)
 .comment       0x00000057       0x58 c:/users/guoliang/devtools/arm_gnu_toolchain/bin/../lib/gcc/arm-none-eabi/11.2.1/thumb/v7-m/nofp\libg.a(lib_a-s_frexp.o)
 .comment       0x00000057       0x58 c:/users/guoliang/devtools/arm_gnu_toolchain/bin/../lib/gcc/arm-none-eabi/11.2.1/thumb/v7-m/nofp\libg.a(lib_a-stdio.o)
 .comment       0x00000057       0x58 c:/users/guoliang/devtools/arm_gnu_toolchain/bin/../lib/gcc/arm-none-eabi/11.2.1/thumb/v7-m/nofp\libg.a(lib_a-strncpy.o)
 .comment       0x00000057       0x58 c:/users/guoliang/devtools/arm_gnu_toolchain/bin/../lib/gcc/arm-none-eabi/11.2.1/thumb/v7-m/nofp\libg.a(lib_a-vfiprintf.o)
 .comment       0x00000057       0x58 c:/users/guoliang/devtools/arm_gnu_toolchain/bin/../lib/gcc/arm-none-eabi/11.2.1/thumb/v7-m/nofp\libg.a(lib_a-wcsnrtombs.o)
 .comment       0x00000057       0x58 c:/users/guoliang/devtools/arm_gnu_toolchain/bin/../lib/gcc/arm-none-eabi/11.2.1/thumb/v7-m/nofp\libg.a(lib_a-wctomb_r.o)
 .comment       0x00000057       0x58 c:/users/guoliang/devtools/arm_gnu_toolchain/bin/../lib/gcc/arm-none-eabi/11.2.1/thumb/v7-m/nofp\libg.a(lib_a-writer.o)
 .comment       0x00000057       0x58 c:/users/guoliang/devtools/arm_gnu_toolchain/bin/../lib/gcc/arm-none-eabi/11.2.1/thumb/v7-m/nofp\libg.a(lib_a-assert.o)
 .comment       0x00000057       0x58 c:/users/guoliang/devtools/arm_gnu_toolchain/bin/../lib/gcc/arm-none-eabi/11.2.1/thumb/v7-m/nofp\libg.a(lib_a-callocr.o)
 .comment       0x00000057       0x58 c:/users/guoliang/devtools/arm_gnu_toolchain/bin/../lib/gcc/arm-none-eabi/11.2.1/thumb/v7-m/nofp\libg.a(lib_a-closer.o)
 .comment       0x00000057       0x58 c:/users/guoliang/devtools/arm_gnu_toolchain/bin/../lib/gcc/arm-none-eabi/11.2.1/thumb/v7-m/nofp\libg.a(lib_a-ctype_.o)
 .comment       0x00000057       0x58 c:/users/guoliang/devtools/arm_gnu_toolchain/bin/../lib/gcc/arm-none-eabi/11.2.1/thumb/v7-m/nofp\libg.a(lib_a-fclose.o)
 .comment       0x00000057       0x58 c:/users/guoliang/devtools/arm_gnu_toolchain/bin/../lib/gcc/arm-none-eabi/11.2.1/thumb/v7-m/nofp\libg.a(lib_a-fiprintf.o)
 .comment       0x00000057       0x58 c:/users/guoliang/devtools/arm_gnu_toolchain/bin/../lib/gcc/arm-none-eabi/11.2.1/thumb/v7-m/nofp\libg.a(lib_a-fputwc.o)
 .comment       0x00000057       0x58 c:/users/guoliang/devtools/arm_gnu_toolchain/bin/../lib/gcc/arm-none-eabi/11.2.1/thumb/v7-m/nofp\libg.a(lib_a-fstatr.o)
 .comment       0x00000057       0x58 c:/users/guoliang/devtools/arm_gnu_toolchain/bin/../lib/gcc/arm-none-eabi/11.2.1/thumb/v7-m/nofp\libg.a(lib_a-isattyr.o)
 .comment       0x00000057       0x58 c:/users/guoliang/devtools/arm_gnu_toolchain/bin/../lib/gcc/arm-none-eabi/11.2.1/thumb/v7-m/nofp\libg.a(lib_a-lseekr.o)
 .comment       0x00000057       0x58 c:/users/guoliang/devtools/arm_gnu_toolchain/bin/../lib/gcc/arm-none-eabi/11.2.1/thumb/v7-m/nofp\libg.a(lib_a-readr.o)
 .comment       0x00000057       0x58 c:/users/guoliang/devtools/arm_gnu_toolchain/bin/../lib/gcc/arm-none-eabi/11.2.1/thumb/v7-m/nofp\libg.a(lib_a-reent.o)
 .comment       0x00000057       0x58 c:/users/guoliang/devtools/arm_gnu_toolchain/bin/../lib/gcc/arm-none-eabi/11.2.1/thumb/v7-m/nofp\libg.a(lib_a-wbuf.o)
 .comment       0x00000057       0x58 c:/users/guoliang/devtools/arm_gnu_toolchain/bin/../lib/gcc/arm-none-eabi/11.2.1/thumb/v7-m/nofp\libg.a(lib_a-abort.o)
 .comment       0x00000057       0x58 c:/users/guoliang/devtools/arm_gnu_toolchain/bin/../lib/gcc/arm-none-eabi/11.2.1/thumb/v7-m/nofp\libg.a(lib_a-signal.o)
 .comment       0x00000057       0x58 c:/users/guoliang/devtools/arm_gnu_toolchain/bin/../lib/gcc/arm-none-eabi/11.2.1/thumb/v7-m/nofp\libg.a(lib_a-signalr.o)
 .comment       0x00000057       0x58 c:/users/guoliang/devtools/arm_gnu_toolchain/bin/../lib/gcc/arm-none-eabi/11.2.1/thumb/v7-m/nofp/crtend.o

.debug_info     0x00000000    0x2fc2f
 .debug_info    0x00000000      0x4d6 CMakeFiles/Encode_Count_EXIT.elf.dir/Core/Src/gpio.c.obj
 .debug_info    0x000004d6      0x8ae CMakeFiles/Encode_Count_EXIT.elf.dir/Core/Src/main.c.obj
 .debug_info    0x00000d84     0x12c1 CMakeFiles/Encode_Count_EXIT.elf.dir/Core/Src/retarget.c.obj
 .debug_info    0x00002045      0x1f4 CMakeFiles/Encode_Count_EXIT.elf.dir/Core/Src/stm32f1xx_hal_msp.c.obj
 .debug_info    0x00002239      0x352 CMakeFiles/Encode_Count_EXIT.elf.dir/Core/Src/stm32f1xx_it.c.obj
 .debug_info    0x0000258b      0x6aa CMakeFiles/Encode_Count_EXIT.elf.dir/Core/Src/syscalls.c.obj
 .debug_info    0x00002c35      0x171 CMakeFiles/Encode_Count_EXIT.elf.dir/Core/Src/sysmem.c.obj
 .debug_info    0x00002da6      0x22d CMakeFiles/Encode_Count_EXIT.elf.dir/Core/Src/system_stm32f1xx.c.obj
 .debug_info    0x00002fd3      0x80d CMakeFiles/Encode_Count_EXIT.elf.dir/Core/Src/usart.c.obj
 .debug_info    0x000037e0       0x23 CMakeFiles/Encode_Count_EXIT.elf.dir/Core/Startup/startup_stm32f103rctx.s.obj
 .debug_info    0x00003803      0x808 CMakeFiles/Encode_Count_EXIT.elf.dir/Drivers/STM32F1xx_HAL_Driver/Src/stm32f1xx_hal.c.obj
 .debug_info    0x0000400b      0xd2b CMakeFiles/Encode_Count_EXIT.elf.dir/Drivers/STM32F1xx_HAL_Driver/Src/stm32f1xx_hal_cortex.c.obj
 .debug_info    0x00004d36      0x604 CMakeFiles/Encode_Count_EXIT.elf.dir/Drivers/STM32F1xx_HAL_Driver/Src/stm32f1xx_hal_gpio.c.obj
 .debug_info    0x0000533a      0x9c7 CMakeFiles/Encode_Count_EXIT.elf.dir/Drivers/STM32F1xx_HAL_Driver/Src/stm32f1xx_hal_rcc.c.obj
 .debug_info    0x00005d01     0x404c CMakeFiles/Encode_Count_EXIT.elf.dir/Drivers/STM32F1xx_HAL_Driver/Src/stm32f1xx_hal_uart.c.obj
 .debug_info    0x00009d4d      0x8a9 c:/users/guoliang/devtools/arm_gnu_toolchain/bin/../lib/gcc/arm-none-eabi/11.2.1/thumb/v7-m/nofp\libg.a(lib_a-errno.o)
 .debug_info    0x0000a5f6      0x8be c:/users/guoliang/devtools/arm_gnu_toolchain/bin/../lib/gcc/arm-none-eabi/11.2.1/thumb/v7-m/nofp\libg.a(lib_a-impure.o)
 .debug_info    0x0000aeb4      0x10b c:/users/guoliang/devtools/arm_gnu_toolchain/bin/../lib/gcc/arm-none-eabi/11.2.1/thumb/v7-m/nofp\libg.a(lib_a-init.o)
 .debug_info    0x0000afbf      0x135 c:/users/guoliang/devtools/arm_gnu_toolchain/bin/../lib/gcc/arm-none-eabi/11.2.1/thumb/v7-m/nofp\libg.a(lib_a-memset.o)
 .debug_info    0x0000b0f4      0x9e9 c:/users/guoliang/devtools/arm_gnu_toolchain/bin/../lib/gcc/arm-none-eabi/11.2.1/thumb/v7-m/nofp\libg.a(lib_a-printf.o)
 .debug_info    0x0000badd      0xa8f c:/users/guoliang/devtools/arm_gnu_toolchain/bin/../lib/gcc/arm-none-eabi/11.2.1/thumb/v7-m/nofp\libg.a(lib_a-puts.o)
 .debug_info    0x0000c56c      0xab4 c:/users/guoliang/devtools/arm_gnu_toolchain/bin/../lib/gcc/arm-none-eabi/11.2.1/thumb/v7-m/nofp\libg.a(lib_a-setvbuf.o)
 .debug_info    0x0000d020       0xbd c:/users/guoliang/devtools/arm_gnu_toolchain/bin/../lib/gcc/arm-none-eabi/11.2.1/thumb/v7-m/nofp\libg.a(lib_a-strlen-stub.o)
 .debug_info    0x0000d0dd     0x201b c:/users/guoliang/devtools/arm_gnu_toolchain/bin/../lib/gcc/arm-none-eabi/11.2.1/thumb/v7-m/nofp\libg.a(lib_a-vfprintf.o)
 .debug_info    0x0000f0f8      0xcd5 c:/users/guoliang/devtools/arm_gnu_toolchain/bin/../lib/gcc/arm-none-eabi/11.2.1/thumb/v7-m/nofp\libg.a(lib_a-wcrtomb.o)
 .debug_info    0x0000fdcd      0xa3a c:/users/guoliang/devtools/arm_gnu_toolchain/bin/../lib/gcc/arm-none-eabi/11.2.1/thumb/v7-m/nofp\libg.a(lib_a-wcsrtombs.o)
 .debug_info    0x00010807      0x969 c:/users/guoliang/devtools/arm_gnu_toolchain/bin/../lib/gcc/arm-none-eabi/11.2.1/thumb/v7-m/nofp\libg.a(lib_a-wsetup.o)
 .debug_info    0x00011170     0x1a92 c:/users/guoliang/devtools/arm_gnu_toolchain/bin/../lib/gcc/arm-none-eabi/11.2.1/thumb/v7-m/nofp\libg.a(lib_a-dtoa.o)
 .debug_info    0x00012c02      0xb9d c:/users/guoliang/devtools/arm_gnu_toolchain/bin/../lib/gcc/arm-none-eabi/11.2.1/thumb/v7-m/nofp\libg.a(lib_a-fflush.o)
 .debug_info    0x0001379f      0xfc3 c:/users/guoliang/devtools/arm_gnu_toolchain/bin/../lib/gcc/arm-none-eabi/11.2.1/thumb/v7-m/nofp\libg.a(lib_a-findfp.o)
 .debug_info    0x00014762      0xcd5 c:/users/guoliang/devtools/arm_gnu_toolchain/bin/../lib/gcc/arm-none-eabi/11.2.1/thumb/v7-m/nofp\libg.a(lib_a-freer.o)
 .debug_info    0x00015437      0xcd2 c:/users/guoliang/devtools/arm_gnu_toolchain/bin/../lib/gcc/arm-none-eabi/11.2.1/thumb/v7-m/nofp\libg.a(lib_a-fvwrite.o)
 .debug_info    0x00016109      0x9e7 c:/users/guoliang/devtools/arm_gnu_toolchain/bin/../lib/gcc/arm-none-eabi/11.2.1/thumb/v7-m/nofp\libg.a(lib_a-fwalk.o)
 .debug_info    0x00016af0      0xbeb c:/users/guoliang/devtools/arm_gnu_toolchain/bin/../lib/gcc/arm-none-eabi/11.2.1/thumb/v7-m/nofp\libg.a(lib_a-localeconv.o)
 .debug_info    0x000176db     0x1b7a c:/users/guoliang/devtools/arm_gnu_toolchain/bin/../lib/gcc/arm-none-eabi/11.2.1/thumb/v7-m/nofp\libg.a(lib_a-locale.o)
 .debug_info    0x00019255      0xdb8 c:/users/guoliang/devtools/arm_gnu_toolchain/bin/../lib/gcc/arm-none-eabi/11.2.1/thumb/v7-m/nofp\libg.a(lib_a-makebuf.o)
 .debug_info    0x0001a00d      0x942 c:/users/guoliang/devtools/arm_gnu_toolchain/bin/../lib/gcc/arm-none-eabi/11.2.1/thumb/v7-m/nofp\libg.a(lib_a-malloc.o)
 .debug_info    0x0001a94f      0xe58 c:/users/guoliang/devtools/arm_gnu_toolchain/bin/../lib/gcc/arm-none-eabi/11.2.1/thumb/v7-m/nofp\libg.a(lib_a-mallocr.o)
 .debug_info    0x0001b7a7     0x10f0 c:/users/guoliang/devtools/arm_gnu_toolchain/bin/../lib/gcc/arm-none-eabi/11.2.1/thumb/v7-m/nofp\libg.a(lib_a-mbtowc_r.o)
 .debug_info    0x0001c897      0x144 c:/users/guoliang/devtools/arm_gnu_toolchain/bin/../lib/gcc/arm-none-eabi/11.2.1/thumb/v7-m/nofp\libg.a(lib_a-memchr-stub.o)
 .debug_info    0x0001c9db       0x25 c:/users/guoliang/devtools/arm_gnu_toolchain/bin/../lib/gcc/arm-none-eabi/11.2.1/thumb/v7-m/nofp\libg.a(lib_a-memcpy.o)
 .debug_info    0x0001ca00      0x148 c:/users/guoliang/devtools/arm_gnu_toolchain/bin/../lib/gcc/arm-none-eabi/11.2.1/thumb/v7-m/nofp\libg.a(lib_a-memmove.o)
 .debug_info    0x0001cb48      0x8d4 c:/users/guoliang/devtools/arm_gnu_toolchain/bin/../lib/gcc/arm-none-eabi/11.2.1/thumb/v7-m/nofp\libg.a(lib_a-mlock.o)
 .debug_info    0x0001d41c     0x1fb3 c:/users/guoliang/devtools/arm_gnu_toolchain/bin/../lib/gcc/arm-none-eabi/11.2.1/thumb/v7-m/nofp\libg.a(lib_a-mprec.o)
 .debug_info    0x0001f3cf      0xd89 c:/users/guoliang/devtools/arm_gnu_toolchain/bin/../lib/gcc/arm-none-eabi/11.2.1/thumb/v7-m/nofp\libg.a(lib_a-reallocr.o)
 .debug_info    0x00020158      0x92a c:/users/guoliang/devtools/arm_gnu_toolchain/bin/../lib/gcc/arm-none-eabi/11.2.1/thumb/v7-m/nofp\libg.a(lib_a-sbrkr.o)
 .debug_info    0x00020a82      0x1e0 c:/users/guoliang/devtools/arm_gnu_toolchain/bin/../lib/gcc/arm-none-eabi/11.2.1/thumb/v7-m/nofp\libg.a(lib_a-s_frexp.o)
 .debug_info    0x00020c62      0xbfc c:/users/guoliang/devtools/arm_gnu_toolchain/bin/../lib/gcc/arm-none-eabi/11.2.1/thumb/v7-m/nofp\libg.a(lib_a-stdio.o)
 .debug_info    0x0002185e      0x14a c:/users/guoliang/devtools/arm_gnu_toolchain/bin/../lib/gcc/arm-none-eabi/11.2.1/thumb/v7-m/nofp\libg.a(lib_a-strncpy.o)
 .debug_info    0x000219a8     0x1cd0 c:/users/guoliang/devtools/arm_gnu_toolchain/bin/../lib/gcc/arm-none-eabi/11.2.1/thumb/v7-m/nofp\libg.a(lib_a-vfiprintf.o)
 .debug_info    0x00023678      0xe73 c:/users/guoliang/devtools/arm_gnu_toolchain/bin/../lib/gcc/arm-none-eabi/11.2.1/thumb/v7-m/nofp\libg.a(lib_a-wcsnrtombs.o)
 .debug_info    0x000244eb      0xe9b c:/users/guoliang/devtools/arm_gnu_toolchain/bin/../lib/gcc/arm-none-eabi/11.2.1/thumb/v7-m/nofp\libg.a(lib_a-wctomb_r.o)
 .debug_info    0x00025386      0x961 c:/users/guoliang/devtools/arm_gnu_toolchain/bin/../lib/gcc/arm-none-eabi/11.2.1/thumb/v7-m/nofp\libg.a(lib_a-writer.o)
 .debug_info    0x00025ce7      0x9cb c:/users/guoliang/devtools/arm_gnu_toolchain/bin/../lib/gcc/arm-none-eabi/11.2.1/thumb/v7-m/nofp\libg.a(lib_a-assert.o)
 .debug_info    0x000266b2      0xa6c c:/users/guoliang/devtools/arm_gnu_toolchain/bin/../lib/gcc/arm-none-eabi/11.2.1/thumb/v7-m/nofp\libg.a(lib_a-callocr.o)
 .debug_info    0x0002711e      0x905 c:/users/guoliang/devtools/arm_gnu_toolchain/bin/../lib/gcc/arm-none-eabi/11.2.1/thumb/v7-m/nofp\libg.a(lib_a-closer.o)
 .debug_info    0x00027a23      0xb85 c:/users/guoliang/devtools/arm_gnu_toolchain/bin/../lib/gcc/arm-none-eabi/11.2.1/thumb/v7-m/nofp\libg.a(lib_a-ctype_.o)
 .debug_info    0x000285a8      0xa7a c:/users/guoliang/devtools/arm_gnu_toolchain/bin/../lib/gcc/arm-none-eabi/11.2.1/thumb/v7-m/nofp\libg.a(lib_a-fclose.o)
 .debug_info    0x00029022      0x9fa c:/users/guoliang/devtools/arm_gnu_toolchain/bin/../lib/gcc/arm-none-eabi/11.2.1/thumb/v7-m/nofp\libg.a(lib_a-fiprintf.o)
 .debug_info    0x00029a1c      0xbe9 c:/users/guoliang/devtools/arm_gnu_toolchain/bin/../lib/gcc/arm-none-eabi/11.2.1/thumb/v7-m/nofp\libg.a(lib_a-fputwc.o)
 .debug_info    0x0002a605      0xb23 c:/users/guoliang/devtools/arm_gnu_toolchain/bin/../lib/gcc/arm-none-eabi/11.2.1/thumb/v7-m/nofp\libg.a(lib_a-fstatr.o)
 .debug_info    0x0002b128      0x905 c:/users/guoliang/devtools/arm_gnu_toolchain/bin/../lib/gcc/arm-none-eabi/11.2.1/thumb/v7-m/nofp\libg.a(lib_a-isattyr.o)
 .debug_info    0x0002ba2d      0x944 c:/users/guoliang/devtools/arm_gnu_toolchain/bin/../lib/gcc/arm-none-eabi/11.2.1/thumb/v7-m/nofp\libg.a(lib_a-lseekr.o)
 .debug_info    0x0002c371      0x95b c:/users/guoliang/devtools/arm_gnu_toolchain/bin/../lib/gcc/arm-none-eabi/11.2.1/thumb/v7-m/nofp\libg.a(lib_a-readr.o)
 .debug_info    0x0002cccc      0xb68 c:/users/guoliang/devtools/arm_gnu_toolchain/bin/../lib/gcc/arm-none-eabi/11.2.1/thumb/v7-m/nofp\libg.a(lib_a-reent.o)
 .debug_info    0x0002d834      0xa0f c:/users/guoliang/devtools/arm_gnu_toolchain/bin/../lib/gcc/arm-none-eabi/11.2.1/thumb/v7-m/nofp\libg.a(lib_a-wbuf.o)
 .debug_info    0x0002e243       0xd8 c:/users/guoliang/devtools/arm_gnu_toolchain/bin/../lib/gcc/arm-none-eabi/11.2.1/thumb/v7-m/nofp\libg.a(lib_a-abort.o)
 .debug_info    0x0002e31b      0xed1 c:/users/guoliang/devtools/arm_gnu_toolchain/bin/../lib/gcc/arm-none-eabi/11.2.1/thumb/v7-m/nofp\libg.a(lib_a-signal.o)
 .debug_info    0x0002f1ec      0x98c c:/users/guoliang/devtools/arm_gnu_toolchain/bin/../lib/gcc/arm-none-eabi/11.2.1/thumb/v7-m/nofp\libg.a(lib_a-signalr.o)
 .debug_info    0x0002fb78       0x25 c:/users/guoliang/devtools/arm_gnu_toolchain/bin/../lib/gcc/arm-none-eabi/11.2.1/thumb/v7-m/nofp\libgcc.a(_arm_addsubdf3.o)
 .debug_info    0x0002fb9d       0x25 c:/users/guoliang/devtools/arm_gnu_toolchain/bin/../lib/gcc/arm-none-eabi/11.2.1/thumb/v7-m/nofp\libgcc.a(_arm_muldivdf3.o)
 .debug_info    0x0002fbc2       0x25 c:/users/guoliang/devtools/arm_gnu_toolchain/bin/../lib/gcc/arm-none-eabi/11.2.1/thumb/v7-m/nofp\libgcc.a(_arm_cmpdf2.o)
 .debug_info    0x0002fbe7       0x24 c:/users/guoliang/devtools/arm_gnu_toolchain/bin/../lib/gcc/arm-none-eabi/11.2.1/thumb/v7-m/nofp\libgcc.a(_arm_unorddf2.o)
 .debug_info    0x0002fc0b       0x24 c:/users/guoliang/devtools/arm_gnu_toolchain/bin/../lib/gcc/arm-none-eabi/11.2.1/thumb/v7-m/nofp\libgcc.a(_arm_fixdfsi.o)

.debug_abbrev   0x00000000     0xa03a
 .debug_abbrev  0x00000000      0x170 CMakeFiles/Encode_Count_EXIT.elf.dir/Core/Src/gpio.c.obj
 .debug_abbrev  0x00000170      0x282 CMakeFiles/Encode_Count_EXIT.elf.dir/Core/Src/main.c.obj
 .debug_abbrev  0x000003f2      0x2e4 CMakeFiles/Encode_Count_EXIT.elf.dir/Core/Src/retarget.c.obj
 .debug_abbrev  0x000006d6       0xed CMakeFiles/Encode_Count_EXIT.elf.dir/Core/Src/stm32f1xx_hal_msp.c.obj
 .debug_abbrev  0x000007c3      0x191 CMakeFiles/Encode_Count_EXIT.elf.dir/Core/Src/stm32f1xx_it.c.obj
 .debug_abbrev  0x00000954      0x1c0 CMakeFiles/Encode_Count_EXIT.elf.dir/Core/Src/syscalls.c.obj
 .debug_abbrev  0x00000b14       0xea CMakeFiles/Encode_Count_EXIT.elf.dir/Core/Src/sysmem.c.obj
 .debug_abbrev  0x00000bfe      0x143 CMakeFiles/Encode_Count_EXIT.elf.dir/Core/Src/system_stm32f1xx.c.obj
 .debug_abbrev  0x00000d41      0x204 CMakeFiles/Encode_Count_EXIT.elf.dir/Core/Src/usart.c.obj
 .debug_abbrev  0x00000f45       0x12 CMakeFiles/Encode_Count_EXIT.elf.dir/Core/Startup/startup_stm32f103rctx.s.obj
 .debug_abbrev  0x00000f57      0x22d CMakeFiles/Encode_Count_EXIT.elf.dir/Drivers/STM32F1xx_HAL_Driver/Src/stm32f1xx_hal.c.obj
 .debug_abbrev  0x00001184      0x348 CMakeFiles/Encode_Count_EXIT.elf.dir/Drivers/STM32F1xx_HAL_Driver/Src/stm32f1xx_hal_cortex.c.obj
 .debug_abbrev  0x000014cc      0x1f7 CMakeFiles/Encode_Count_EXIT.elf.dir/Drivers/STM32F1xx_HAL_Driver/Src/stm32f1xx_hal_gpio.c.obj
 .debug_abbrev  0x000016c3      0x2a0 CMakeFiles/Encode_Count_EXIT.elf.dir/Drivers/STM32F1xx_HAL_Driver/Src/stm32f1xx_hal_rcc.c.obj
 .debug_abbrev  0x00001963      0x31c CMakeFiles/Encode_Count_EXIT.elf.dir/Drivers/STM32F1xx_HAL_Driver/Src/stm32f1xx_hal_uart.c.obj
 .debug_abbrev  0x00001c7f      0x1ce c:/users/guoliang/devtools/arm_gnu_toolchain/bin/../lib/gcc/arm-none-eabi/11.2.1/thumb/v7-m/nofp\libg.a(lib_a-errno.o)
 .debug_abbrev  0x00001e4d      0x1ca c:/users/guoliang/devtools/arm_gnu_toolchain/bin/../lib/gcc/arm-none-eabi/11.2.1/thumb/v7-m/nofp\libg.a(lib_a-impure.o)
 .debug_abbrev  0x00002017       0xc9 c:/users/guoliang/devtools/arm_gnu_toolchain/bin/../lib/gcc/arm-none-eabi/11.2.1/thumb/v7-m/nofp\libg.a(lib_a-init.o)
 .debug_abbrev  0x000020e0       0xb7 c:/users/guoliang/devtools/arm_gnu_toolchain/bin/../lib/gcc/arm-none-eabi/11.2.1/thumb/v7-m/nofp\libg.a(lib_a-memset.o)
 .debug_abbrev  0x00002197      0x28a c:/users/guoliang/devtools/arm_gnu_toolchain/bin/../lib/gcc/arm-none-eabi/11.2.1/thumb/v7-m/nofp\libg.a(lib_a-printf.o)
 .debug_abbrev  0x00002421      0x2b4 c:/users/guoliang/devtools/arm_gnu_toolchain/bin/../lib/gcc/arm-none-eabi/11.2.1/thumb/v7-m/nofp\libg.a(lib_a-puts.o)
 .debug_abbrev  0x000026d5      0x2c0 c:/users/guoliang/devtools/arm_gnu_toolchain/bin/../lib/gcc/arm-none-eabi/11.2.1/thumb/v7-m/nofp\libg.a(lib_a-setvbuf.o)
 .debug_abbrev  0x00002995       0x78 c:/users/guoliang/devtools/arm_gnu_toolchain/bin/../lib/gcc/arm-none-eabi/11.2.1/thumb/v7-m/nofp\libg.a(lib_a-strlen-stub.o)
 .debug_abbrev  0x00002a0d      0x4d2 c:/users/guoliang/devtools/arm_gnu_toolchain/bin/../lib/gcc/arm-none-eabi/11.2.1/thumb/v7-m/nofp\libg.a(lib_a-vfprintf.o)
 .debug_abbrev  0x00002edf      0x25f c:/users/guoliang/devtools/arm_gnu_toolchain/bin/../lib/gcc/arm-none-eabi/11.2.1/thumb/v7-m/nofp\libg.a(lib_a-wcrtomb.o)
 .debug_abbrev  0x0000313e      0x241 c:/users/guoliang/devtools/arm_gnu_toolchain/bin/../lib/gcc/arm-none-eabi/11.2.1/thumb/v7-m/nofp\libg.a(lib_a-wcsrtombs.o)
 .debug_abbrev  0x0000337f      0x252 c:/users/guoliang/devtools/arm_gnu_toolchain/bin/../lib/gcc/arm-none-eabi/11.2.1/thumb/v7-m/nofp\libg.a(lib_a-wsetup.o)
 .debug_abbrev  0x000035d1      0x371 c:/users/guoliang/devtools/arm_gnu_toolchain/bin/../lib/gcc/arm-none-eabi/11.2.1/thumb/v7-m/nofp\libg.a(lib_a-dtoa.o)
 .debug_abbrev  0x00003942      0x351 c:/users/guoliang/devtools/arm_gnu_toolchain/bin/../lib/gcc/arm-none-eabi/11.2.1/thumb/v7-m/nofp\libg.a(lib_a-fflush.o)
 .debug_abbrev  0x00003c93      0x452 c:/users/guoliang/devtools/arm_gnu_toolchain/bin/../lib/gcc/arm-none-eabi/11.2.1/thumb/v7-m/nofp\libg.a(lib_a-findfp.o)
 .debug_abbrev  0x000040e5      0x2c2 c:/users/guoliang/devtools/arm_gnu_toolchain/bin/../lib/gcc/arm-none-eabi/11.2.1/thumb/v7-m/nofp\libg.a(lib_a-freer.o)
 .debug_abbrev  0x000043a7      0x288 c:/users/guoliang/devtools/arm_gnu_toolchain/bin/../lib/gcc/arm-none-eabi/11.2.1/thumb/v7-m/nofp\libg.a(lib_a-fvwrite.o)
 .debug_abbrev  0x0000462f      0x20f c:/users/guoliang/devtools/arm_gnu_toolchain/bin/../lib/gcc/arm-none-eabi/11.2.1/thumb/v7-m/nofp\libg.a(lib_a-fwalk.o)
 .debug_abbrev  0x0000483e      0x28a c:/users/guoliang/devtools/arm_gnu_toolchain/bin/../lib/gcc/arm-none-eabi/11.2.1/thumb/v7-m/nofp\libg.a(lib_a-localeconv.o)
 .debug_abbrev  0x00004ac8      0x463 c:/users/guoliang/devtools/arm_gnu_toolchain/bin/../lib/gcc/arm-none-eabi/11.2.1/thumb/v7-m/nofp\libg.a(lib_a-locale.o)
 .debug_abbrev  0x00004f2b      0x30a c:/users/guoliang/devtools/arm_gnu_toolchain/bin/../lib/gcc/arm-none-eabi/11.2.1/thumb/v7-m/nofp\libg.a(lib_a-makebuf.o)
 .debug_abbrev  0x00005235      0x23f c:/users/guoliang/devtools/arm_gnu_toolchain/bin/../lib/gcc/arm-none-eabi/11.2.1/thumb/v7-m/nofp\libg.a(lib_a-malloc.o)
 .debug_abbrev  0x00005474      0x309 c:/users/guoliang/devtools/arm_gnu_toolchain/bin/../lib/gcc/arm-none-eabi/11.2.1/thumb/v7-m/nofp\libg.a(lib_a-mallocr.o)
 .debug_abbrev  0x0000577d      0x332 c:/users/guoliang/devtools/arm_gnu_toolchain/bin/../lib/gcc/arm-none-eabi/11.2.1/thumb/v7-m/nofp\libg.a(lib_a-mbtowc_r.o)
 .debug_abbrev  0x00005aaf       0xd8 c:/users/guoliang/devtools/arm_gnu_toolchain/bin/../lib/gcc/arm-none-eabi/11.2.1/thumb/v7-m/nofp\libg.a(lib_a-memchr-stub.o)
 .debug_abbrev  0x00005b87       0x14 c:/users/guoliang/devtools/arm_gnu_toolchain/bin/../lib/gcc/arm-none-eabi/11.2.1/thumb/v7-m/nofp\libg.a(lib_a-memcpy.o)